static/data/Resources/Sales_Product_Price_by_Store_JFC.csv
Store,Product,Date,Day_of_Year,Is_Holiday,Base Price,Price,Weekly_Units_Sold
4,3,7/27/2012,209,FALSE,19.99,10,1236
4,3,7/20/2012,202,FALSE,19.99,10,1147
4,3,7/30/2010,211,FALSE,19.99,10,1107
4,3,7/29/2011,210,FALSE,21.99,11,985
4,3,7/22/2011,203,FALSE,21.99,11,871
4,3,7/23/2010,204,FALSE,19.99,10,844
4,3,8/17/2012,230,FALSE,19.99,19.99,688
4,3,7/16/2010,197,FALSE,19.99,10,683
4,3,7/13/2012,195,FALSE,19.99,10,672
4,3,7/15/2011,196,FALSE,21.99,11,597
4,3,8/20/2010,232,FALSE,19.99,19.99,511
4,3,8/19/2011,231,FALSE,21.99,21.99,485
4,3,8/10/2012,223,FALSE,19.99,19.99,481
4,3,8/13/2010,225,FALSE,19.99,19.99,452
4,3,11/26/2010,330,TRUE,19.99,10,395
4,3,8/12/2011,224,FALSE,21.99,21.99,366
4,3,7/6/2012,188,FALSE,19.99,10,359
4,3,8/3/2012,216,FALSE,19.99,19.99,359
4,3,11/12/2010,316,FALSE,19.99,10,356
4,3,8/24/2012,237,FALSE,19.99,19.99,349
4,3,11/19/2010,323,FALSE,19.99,10,339
4,3,7/8/2011,189,FALSE,21.99,11,335
4,3,11/25/2011,329,TRUE,21.99,11,331
4,3,7/9/2010,190,FALSE,19.99,10,310
4,3,11/5/2010,309,FALSE,19.99,10,300
4,3,11/11/2011,315,FALSE,21.99,11,300
4,3,8/6/2010,218,FALSE,19.99,19.99,298
4,3,8/5/2011,217,FALSE,21.99,21.99,298
4,3,11/18/2011,322,FALSE,21.99,11,297
4,3,11/4/2011,308,FALSE,21.99,11,295
4,3,8/27/2010,239,FALSE,19.99,19.99,267
4,3,7/2/2010,183,FALSE,19.99,10,261
4,3,8/26/2011,238,FALSE,21.99,21.99,247
4,3,7/1/2011,182,FALSE,21.99,11,212
4,3,8/31/2012,244,FALSE,19.99,19.99,185
4,3,9/2/2011,245,FALSE,21.99,21.99,150
4,3,12/24/2010,358,FALSE,19.99,19.99,148
4,3,9/3/2010,246,FALSE,19.99,19.99,137
4,3,12/17/2010,351,FALSE,19.99,19.99,130
4,3,1/20/2012,20,FALSE,19.99,19.99,127
4,3,9/7/2012,251,TRUE,19.99,19.99,125
4,3,12/23/2011,357,FALSE,21.99,21.99,119
4,3,1/6/2012,6,FALSE,19.99,19.99,119
4,3,2/3/2012,34,FALSE,19.99,19.99,115
4,3,2/10/2012,41,TRUE,19.99,19.99,113
4,3,1/13/2012,13,FALSE,19.99,19.99,111
4,3,1/27/2012,27,FALSE,19.99,19.99,111
4,3,2/12/2010,43,TRUE,19.99,19.99,109
4,3,12/16/2011,350,FALSE,21.99,21.99,109
4,3,2/5/2010,36,FALSE,19.99,19.99,108
4,3,12/10/2010,344,FALSE,19.99,19.99,107
4,3,9/9/2011,252,TRUE,21.99,21.99,105
4,3,9/14/2012,258,FALSE,19.99,19.99,105
4,3,3/5/2010,64,FALSE,19.99,19.99,103
4,3,1/21/2011,21,FALSE,21.99,21.99,103
4,3,2/24/2012,55,FALSE,19.99,19.99,103
4,3,3/2/2012,62,FALSE,19.99,19.99,103
4,3,2/19/2010,50,FALSE,19.99,19.99,101
4,3,12/3/2010,337,FALSE,19.99,19.99,101
4,3,1/7/2011,7,FALSE,21.99,21.99,101
4,3,2/17/2012,48,FALSE,19.99,19.99,99
4,3,2/26/2010,57,FALSE,19.99,19.99,97
4,3,3/9/2012,69,FALSE,19.99,19.99,97
4,3,3/12/2010,71,FALSE,19.99,19.99,95
4,3,1/14/2011,14,FALSE,21.99,21.99,95
4,3,12/9/2011,343,FALSE,21.99,21.99,93
4,3,1/28/2011,28,FALSE,21.99,21.99,89
4,3,2/11/2011,42,TRUE,21.99,21.99,89
4,3,9/21/2012,265,FALSE,19.99,19.99,89
4,3,9/10/2010,253,TRUE,19.99,19.99,88
4,3,2/18/2011,49,FALSE,21.99,21.99,88
4,3,9/17/2010,260,FALSE,19.99,19.99,87
4,3,9/24/2010,267,FALSE,19.99,19.99,87
4,3,10/8/2010,281,FALSE,19.99,19.99,87
4,3,10/19/2012,293,FALSE,19.99,19.99,87
4,3,10/5/2012,279,FALSE,19.99,19.99,85
4,3,10/12/2012,286,FALSE,19.99,19.99,85
4,3,2/4/2011,35,FALSE,21.99,21.99,84
4,3,3/19/2010,78,FALSE,19.99,19.99,83
4,3,10/1/2010,274,FALSE,19.99,19.99,83
4,3,10/26/2012,300,FALSE,19.99,19.99,83
4,3,4/6/2012,97,FALSE,19.99,19.99,82
4,3,5/18/2012,139,FALSE,19.99,19.99,81
4,3,12/31/2010,365,TRUE,19.99,19.99,80
4,3,9/16/2011,259,FALSE,21.99,21.99,80
4,3,12/2/2011,336,FALSE,21.99,21.99,80
4,3,5/11/2012,132,FALSE,19.99,19.99,80
4,3,5/7/2010,127,FALSE,19.99,19.99,79
4,3,10/15/2010,288,FALSE,19.99,19.99,79
4,3,4/20/2012,111,FALSE,19.99,19.99,79
4,3,4/23/2010,113,FALSE,19.99,19.99,78
4,3,4/13/2012,104,FALSE,19.99,19.99,78
4,3,4/2/2010,92,FALSE,19.99,19.99,77
4,3,4/9/2010,99,FALSE,19.99,19.99,77
4,3,10/29/2010,302,FALSE,19.99,19.99,77
4,3,2/25/2011,56,FALSE,21.99,21.99,77
4,3,3/30/2012,90,FALSE,19.99,19.99,77
4,3,6/1/2012,153,FALSE,19.99,19.99,77
4,3,9/28/2012,272,FALSE,19.99,19.99,77
4,3,5/28/2010,148,FALSE,19.99,19.99,76
4,3,9/23/2011,266,FALSE,21.99,21.99,76
4,3,3/23/2012,83,FALSE,19.99,19.99,76
4,3,5/4/2012,125,FALSE,19.99,19.99,76
4,3,6/8/2012,160,FALSE,19.99,19.99,76
4,3,4/16/2010,106,FALSE,19.99,19.99,75
4,3,4/30/2010,120,FALSE,19.99,19.99,75
4,3,3/4/2011,63,FALSE,21.99,21.99,75
4,3,3/16/2012,76,FALSE,19.99,19.99,75
4,3,10/22/2010,295,FALSE,19.99,19.99,74
4,3,5/25/2012,146,FALSE,19.99,19.99,74
4,3,4/27/2012,118,FALSE,19.99,19.99,73
4,3,10/7/2011,280,FALSE,21.99,21.99,72
4,3,10/21/2011,294,FALSE,21.99,21.99,72
4,3,5/21/2010,141,FALSE,19.99,19.99,71
4,3,3/11/2011,70,FALSE,21.99,21.99,71
4,3,6/22/2012,174,FALSE,19.99,19.99,71
4,3,6/29/2012,181,FALSE,19.99,19.99,71
4,3,6/4/2010,155,FALSE,19.99,19.99,70
4,3,3/18/2011,77,FALSE,21.99,21.99,70
4,3,4/22/2011,112,FALSE,21.99,21.99,70
4,3,6/15/2012,167,FALSE,19.99,19.99,70
4,3,3/26/2010,85,FALSE,19.99,19.99,69
4,3,5/14/2010,134,FALSE,19.99,19.99,69
4,3,4/8/2011,98,FALSE,21.99,21.99,69
4,3,12/30/2011,364,TRUE,21.99,21.99,69
4,3,5/6/2011,126,FALSE,21.99,21.99,68
4,3,9/30/2011,273,FALSE,21.99,21.99,68
4,3,4/15/2011,105,FALSE,21.99,21.99,67
4,3,5/20/2011,140,FALSE,21.99,21.99,67
4,3,6/18/2010,169,FALSE,19.99,19.99,66
4,3,4/1/2011,91,FALSE,21.99,21.99,66
4,3,10/28/2011,301,FALSE,21.99,21.99,66
4,3,6/24/2011,175,FALSE,21.99,21.99,64
4,3,3/25/2011,84,FALSE,21.99,21.99,63
4,3,5/13/2011,133,FALSE,21.99,21.99,63
4,3,10/14/2011,287,FALSE,21.99,21.99,63
4,3,6/10/2011,161,FALSE,21.99,21.99,61
4,3,4/29/2011,119,FALSE,21.99,21.99,59
4,3,5/27/2011,147,FALSE,21.99,21.99,59
4,3,6/17/2011,168,FALSE,21.99,21.99,59
4,3,6/11/2010,162,FALSE,19.99,19.99,57
4,3,6/3/2011,154,FALSE,21.99,21.99,57
4,3,6/25/2010,176,FALSE,19.99,19.99,55
10,1,12/24/2010,358,FALSE,9.99,9.99,937
10,1,4/2/2010,92,FALSE,9.99,9.99,879
10,1,12/23/2011,357,FALSE,10.99,10.99,775
10,1,4/6/2012,97,FALSE,10.99,10.99,694
10,1,2/12/2010,43,TRUE,9.99,7.99,665
10,1,12/17/2010,351,FALSE,9.99,9.99,657
10,1,4/22/2011,112,FALSE,10.99,10.99,655
10,1,2/17/2012,48,FALSE,10.99,8.79,638
10,1,4/9/2010,99,FALSE,9.99,9.99,595
10,1,12/16/2011,350,FALSE,10.99,10.99,582
10,1,10/29/2010,302,FALSE,9.99,9.99,555
10,1,2/18/2011,49,FALSE,10.99,8.79,545
10,1,4/29/2011,119,FALSE,10.99,10.99,519
10,1,4/13/2012,104,FALSE,10.99,10.99,516
10,1,12/10/2010,344,FALSE,9.99,9.99,490
10,1,2/19/2010,50,FALSE,9.99,7.99,489
10,1,11/4/2011,308,FALSE,10.99,10.99,475
10,1,11/5/2010,309,FALSE,9.99,9.99,453
10,1,2/11/2011,42,TRUE,10.99,8.79,444
10,1,2/10/2012,41,TRUE,10.99,8.79,429
10,1,12/9/2011,343,FALSE,10.99,10.99,421
10,1,10/28/2011,301,FALSE,10.99,10.99,396
10,1,2/5/2010,36,FALSE,9.99,7.99,395
10,1,10/22/2010,295,FALSE,9.99,9.99,369
10,1,3/26/2010,85,FALSE,9.99,9.99,347
10,1,12/3/2010,337,FALSE,9.99,9.99,339
10,1,10/26/2012,300,FALSE,10.99,10.99,337
10,1,2/26/2010,57,FALSE,9.99,7.99,330
10,1,2/3/2012,34,FALSE,10.99,8.79,311
10,1,2/4/2011,35,FALSE,10.99,8.79,308
10,1,12/30/2011,364,TRUE,10.99,10.99,302
10,1,10/15/2010,288,FALSE,9.99,9.99,298
10,1,4/15/2011,105,FALSE,10.99,10.99,298
10,1,5/21/2010,141,FALSE,9.99,7.99,297
10,1,5/14/2010,134,FALSE,9.99,7.99,295
10,1,5/28/2010,148,FALSE,9.99,7.99,295
10,1,5/7/2010,127,FALSE,9.99,7.99,293
10,1,12/2/2011,336,FALSE,10.99,10.99,279
10,1,10/21/2011,294,FALSE,10.99,10.99,276
10,1,3/30/2012,90,FALSE,10.99,10.99,271
10,1,5/6/2011,126,FALSE,10.99,8.79,269
10,1,10/8/2010,281,FALSE,9.99,9.99,259
10,1,3/19/2010,78,FALSE,9.99,9.99,255
10,1,10/19/2012,293,FALSE,10.99,10.99,255
10,1,2/24/2012,55,FALSE,10.99,8.79,245
10,1,3/5/2010,64,FALSE,9.99,9.99,244
10,1,3/12/2010,71,FALSE,9.99,9.99,243
10,1,11/19/2010,323,FALSE,9.99,9.99,241
10,1,11/26/2010,330,TRUE,9.99,9.99,237
10,1,5/13/2011,133,FALSE,10.99,8.79,236
10,1,5/11/2012,132,FALSE,10.99,8.79,235
10,1,10/12/2012,286,FALSE,10.99,10.99,235
10,1,2/25/2011,56,FALSE,10.99,8.79,233
10,1,10/14/2011,287,FALSE,10.99,10.99,229
10,1,10/1/2010,274,FALSE,9.99,9.99,228
10,1,4/8/2011,98,FALSE,10.99,10.99,228
10,1,5/18/2012,139,FALSE,10.99,8.79,226
10,1,5/25/2012,146,FALSE,10.99,8.79,225
10,1,3/23/2012,83,FALSE,10.99,10.99,223
10,1,5/4/2012,125,FALSE,10.99,8.79,221
10,1,12/31/2010,365,TRUE,9.99,9.99,218
10,1,10/7/2011,280,FALSE,10.99,10.99,215
10,1,11/25/2011,329,TRUE,10.99,10.99,215
10,1,9/24/2010,267,FALSE,9.99,9.99,214
10,1,11/12/2010,316,FALSE,9.99,9.99,214
10,1,5/20/2011,140,FALSE,10.99,8.79,213
10,1,10/5/2012,279,FALSE,10.99,10.99,210
10,1,9/17/2010,260,FALSE,9.99,9.99,209
10,1,5/27/2011,147,FALSE,10.99,8.79,203
10,1,3/16/2012,76,FALSE,10.99,10.99,201
10,1,4/16/2010,106,FALSE,9.99,9.99,199
10,1,9/3/2010,246,FALSE,9.99,9.99,195
10,1,3/9/2012,69,FALSE,10.99,10.99,195
10,1,9/23/2011,266,FALSE,10.99,10.99,188
10,1,1/27/2012,27,FALSE,10.99,10.99,188
10,1,9/16/2011,259,FALSE,10.99,10.99,187
10,1,11/11/2011,315,FALSE,10.99,10.99,187
10,1,8/20/2010,232,FALSE,9.99,9.99,186
10,1,6/4/2010,155,FALSE,9.99,9.99,185
10,1,4/30/2010,120,FALSE,9.99,9.99,184
10,1,6/18/2010,169,FALSE,9.99,9.99,184
10,1,8/13/2010,225,FALSE,9.99,9.99,184
10,1,4/1/2011,91,FALSE,10.99,10.99,183
10,1,9/30/2011,273,FALSE,10.99,10.99,183
10,1,9/28/2012,272,FALSE,10.99,10.99,182
10,1,4/23/2010,113,FALSE,9.99,9.99,181
10,1,7/2/2010,183,FALSE,9.99,9.99,181
10,1,9/10/2010,253,TRUE,9.99,9.99,181
10,1,3/25/2011,84,FALSE,10.99,10.99,181
10,1,7/30/2010,211,FALSE,9.99,9.99,180
10,1,1/20/2012,20,FALSE,10.99,10.99,180
10,1,6/25/2010,176,FALSE,9.99,9.99,179
10,1,8/6/2010,218,FALSE,9.99,9.99,179
10,1,1/21/2011,21,FALSE,10.99,10.99,179
10,1,9/21/2012,265,FALSE,10.99,10.99,179
10,1,3/18/2011,77,FALSE,10.99,10.99,177
10,1,3/2/2012,62,FALSE,10.99,10.99,177
10,1,8/27/2010,239,FALSE,9.99,9.99,176
10,1,6/11/2010,162,FALSE,9.99,9.99,175
10,1,3/4/2011,63,FALSE,10.99,10.99,175
10,1,11/18/2011,322,FALSE,10.99,10.99,175
10,1,9/14/2012,258,FALSE,10.99,10.99,175
10,1,7/16/2010,197,FALSE,9.99,9.99,174
10,1,1/13/2012,13,FALSE,10.99,10.99,174
10,1,7/9/2010,190,FALSE,9.99,9.99,173
10,1,1/28/2011,28,FALSE,10.99,10.99,173
10,1,3/11/2011,70,FALSE,10.99,10.99,173
10,1,7/23/2010,204,FALSE,9.99,9.99,172
10,1,9/7/2012,251,TRUE,10.99,10.99,170
10,1,1/6/2012,6,FALSE,10.99,10.99,165
10,1,9/9/2011,252,TRUE,10.99,10.99,163
10,1,1/14/2011,14,FALSE,10.99,10.99,161
10,1,7/20/2012,202,FALSE,10.99,10.99,157
10,1,4/20/2012,111,FALSE,10.99,10.99,155
10,1,8/17/2012,230,FALSE,10.99,10.99,155
10,1,8/24/2012,237,FALSE,10.99,10.99,155
10,1,8/5/2011,217,FALSE,10.99,10.99,154
10,1,8/3/2012,216,FALSE,10.99,10.99,153
10,1,7/15/2011,196,FALSE,10.99,10.99,152
10,1,7/27/2012,209,FALSE,10.99,10.99,152
10,1,8/10/2012,223,FALSE,10.99,10.99,152
10,1,1/7/2011,7,FALSE,10.99,10.99,151
10,1,8/12/2011,224,FALSE,10.99,10.99,151
10,1,9/2/2011,245,FALSE,10.99,10.99,151
10,1,8/31/2012,244,FALSE,10.99,10.99,151
10,1,7/22/2011,203,FALSE,10.99,10.99,150
10,1,7/13/2012,195,FALSE,10.99,10.99,150
10,1,7/29/2011,210,FALSE,10.99,10.99,148
10,1,8/19/2011,231,FALSE,10.99,10.99,147
10,1,4/27/2012,118,FALSE,10.99,10.99,147
10,1,6/29/2012,181,FALSE,10.99,10.99,145
10,1,7/6/2012,188,FALSE,10.99,10.99,145
10,1,7/8/2011,189,FALSE,10.99,10.99,143
10,1,6/1/2012,153,FALSE,10.99,10.99,143
10,1,6/8/2012,160,FALSE,10.99,10.99,143
10,1,6/15/2012,167,FALSE,10.99,10.99,141
10,1,6/22/2012,174,FALSE,10.99,10.99,141
10,1,6/10/2011,161,FALSE,10.99,10.99,139
10,1,8/26/2011,238,FALSE,10.99,10.99,139
10,1,7/1/2011,182,FALSE,10.99,10.99,138
10,1,6/3/2011,154,FALSE,10.99,10.99,137
10,1,6/24/2011,175,FALSE,10.99,10.99,137
10,1,6/17/2011,168,FALSE,10.99,10.99,135
2,3,7/30/2010,211,FALSE,19.99,10,911
2,3,7/27/2012,209,FALSE,19.99,10,744
2,3,7/29/2011,210,FALSE,21.99,11,717
2,3,7/20/2012,202,FALSE,19.99,10,703
2,3,7/23/2010,204,FALSE,19.99,10,669
2,3,7/22/2011,203,FALSE,21.99,11,617
2,3,7/16/2010,197,FALSE,19.99,10,564
2,3,7/13/2012,195,FALSE,19.99,10,549
2,3,7/15/2011,196,FALSE,21.99,11,459
2,3,8/20/2010,232,FALSE,19.99,19.99,448
2,3,8/27/2010,239,FALSE,19.99,19.99,445
2,3,8/24/2012,237,FALSE,19.99,19.99,443
2,3,11/26/2010,330,TRUE,19.99,10,406
2,3,8/31/2012,244,FALSE,19.99,19.99,398
2,3,8/19/2011,231,FALSE,21.99,21.99,393
2,3,7/9/2010,190,FALSE,19.99,10,369
2,3,8/26/2011,238,FALSE,21.99,21.99,359
2,3,7/6/2012,188,FALSE,19.99,10,343
2,3,8/17/2012,230,FALSE,19.99,19.99,338
2,3,11/5/2010,309,FALSE,19.99,10,323
2,3,11/12/2010,316,FALSE,19.99,10,315
2,3,7/2/2010,183,FALSE,19.99,10,311
2,3,11/19/2010,323,FALSE,19.99,10,299
2,3,8/13/2010,225,FALSE,19.99,19.99,295
2,3,8/12/2011,224,FALSE,21.99,21.99,285
2,3,11/25/2011,329,TRUE,21.99,11,277
2,3,8/6/2010,218,FALSE,19.99,19.99,275
2,3,11/11/2011,315,FALSE,21.99,11,273
2,3,8/10/2012,223,FALSE,19.99,19.99,271
2,3,7/8/2011,189,FALSE,21.99,11,270
2,3,11/18/2011,322,FALSE,21.99,11,257
2,3,11/4/2011,308,FALSE,21.99,11,253
2,3,8/3/2012,216,FALSE,19.99,19.99,241
2,3,8/5/2011,217,FALSE,21.99,21.99,239
2,3,7/1/2011,182,FALSE,21.99,11,234
2,3,9/3/2010,246,FALSE,19.99,19.99,182
2,3,9/2/2011,245,FALSE,21.99,21.99,160
2,3,9/7/2012,251,TRUE,19.99,19.99,156
2,3,12/24/2010,358,FALSE,19.99,19.99,145
2,3,12/23/2011,357,FALSE,21.99,21.99,123
2,3,12/17/2010,351,FALSE,19.99,19.99,121
2,3,1/20/2012,20,FALSE,19.99,19.99,119
2,3,2/5/2010,36,FALSE,19.99,19.99,113
2,3,9/10/2010,253,TRUE,19.99,19.99,107
2,3,12/10/2010,344,FALSE,19.99,19.99,107
2,3,12/16/2011,350,FALSE,21.99,21.99,107
2,3,1/6/2012,6,FALSE,19.99,19.99,106
2,3,1/13/2012,13,FALSE,19.99,19.99,105
2,3,2/26/2010,57,FALSE,19.99,19.99,104
2,3,12/3/2010,337,FALSE,19.99,19.99,103
2,3,2/17/2012,48,FALSE,19.99,19.99,102
2,3,1/27/2012,27,FALSE,19.99,19.99,101
2,3,2/10/2012,41,TRUE,19.99,19.99,101
2,3,9/14/2012,258,FALSE,19.99,19.99,101
2,3,3/5/2010,64,FALSE,19.99,19.99,99
2,3,1/21/2011,21,FALSE,21.99,21.99,99
2,3,2/19/2010,50,FALSE,19.99,19.99,97
2,3,9/17/2010,260,FALSE,19.99,19.99,97
2,3,10/8/2010,281,FALSE,19.99,19.99,97
2,3,2/3/2012,34,FALSE,19.99,19.99,95
2,3,12/9/2011,343,FALSE,21.99,21.99,93
2,3,2/12/2010,43,TRUE,19.99,19.99,92
2,3,2/24/2012,55,FALSE,19.99,19.99,91
2,3,4/2/2010,92,FALSE,19.99,19.99,89
2,3,12/2/2011,336,FALSE,21.99,21.99,89
2,3,3/12/2010,71,FALSE,19.99,19.99,87
2,3,9/9/2011,252,TRUE,21.99,21.99,87
2,3,3/2/2012,62,FALSE,19.99,19.99,87
2,3,4/9/2010,99,FALSE,19.99,19.99,86
2,3,1/7/2011,7,FALSE,21.99,21.99,85
2,3,9/28/2012,272,FALSE,19.99,19.99,85
2,3,3/26/2010,85,FALSE,19.99,19.99,83
2,3,10/1/2010,274,FALSE,19.99,19.99,83
2,3,3/9/2012,69,FALSE,19.99,19.99,83
2,3,9/24/2010,267,FALSE,19.99,19.99,82
2,3,5/7/2010,127,FALSE,19.99,19.99,81
2,3,6/11/2010,162,FALSE,19.99,19.99,81
2,3,9/21/2012,265,FALSE,19.99,19.99,81
2,3,1/28/2011,28,FALSE,21.99,21.99,80
2,3,10/5/2012,279,FALSE,19.99,19.99,80
2,3,4/23/2010,113,FALSE,19.99,19.99,79
2,3,4/30/2010,120,FALSE,19.99,19.99,79
2,3,6/4/2010,155,FALSE,19.99,19.99,79
2,3,10/7/2011,280,FALSE,21.99,21.99,79
2,3,5/4/2012,125,FALSE,19.99,19.99,79
2,3,5/11/2012,132,FALSE,19.99,19.99,79
2,3,6/15/2012,167,FALSE,19.99,19.99,78
2,3,4/16/2010,106,FALSE,19.99,19.99,77
2,3,5/21/2010,141,FALSE,19.99,19.99,77
2,3,10/15/2010,288,FALSE,19.99,19.99,77
2,3,10/22/2010,295,FALSE,19.99,19.99,77
2,3,9/16/2011,259,FALSE,21.99,21.99,77
2,3,3/30/2012,90,FALSE,19.99,19.99,76
2,3,6/8/2012,160,FALSE,19.99,19.99,76
2,3,10/29/2010,302,FALSE,19.99,19.99,75
2,3,4/6/2012,97,FALSE,19.99,19.99,75
2,3,4/20/2012,111,FALSE,19.99,19.99,75
2,3,10/19/2012,293,FALSE,19.99,19.99,75
2,3,10/14/2011,287,FALSE,21.99,21.99,74
2,3,5/14/2010,134,FALSE,19.99,19.99,73
2,3,1/14/2011,14,FALSE,21.99,21.99,73
2,3,6/22/2012,174,FALSE,19.99,19.99,73
2,3,2/11/2011,42,TRUE,21.99,21.99,72
2,3,3/4/2011,63,FALSE,21.99,21.99,72
2,3,6/1/2012,153,FALSE,19.99,19.99,72
2,3,10/12/2012,286,FALSE,19.99,19.99,72
2,3,6/18/2010,169,FALSE,19.99,19.99,71
2,3,6/25/2010,176,FALSE,19.99,19.99,71
2,3,5/6/2011,126,FALSE,21.99,21.99,71
2,3,9/30/2011,273,FALSE,21.99,21.99,71
2,3,5/18/2012,139,FALSE,19.99,19.99,71
2,3,10/26/2012,300,FALSE,19.99,19.99,71
2,3,9/23/2011,266,FALSE,21.99,21.99,70
2,3,3/19/2010,78,FALSE,19.99,19.99,69
2,3,2/4/2011,35,FALSE,21.99,21.99,69
2,3,2/18/2011,49,FALSE,21.99,21.99,69
2,3,4/27/2012,118,FALSE,19.99,19.99,69
2,3,5/25/2012,146,FALSE,19.99,19.99,69
2,3,2/25/2011,56,FALSE,21.99,21.99,68
2,3,4/8/2011,98,FALSE,21.99,21.99,68
2,3,12/30/2011,364,TRUE,21.99,21.99,68
2,3,3/16/2012,76,FALSE,19.99,19.99,68
2,3,4/13/2012,104,FALSE,19.99,19.99,67
2,3,6/29/2012,181,FALSE,19.99,19.99,67
2,3,3/11/2011,70,FALSE,21.99,21.99,65
2,3,6/3/2011,154,FALSE,21.99,21.99,65
2,3,10/21/2011,294,FALSE,21.99,21.99,65
2,3,5/13/2011,133,FALSE,21.99,21.99,64
2,3,3/23/2012,83,FALSE,19.99,19.99,64
2,3,4/15/2011,105,FALSE,21.99,21.99,63
2,3,4/22/2011,112,FALSE,21.99,21.99,63
2,3,6/24/2011,175,FALSE,21.99,21.99,63
2,3,5/28/2010,148,FALSE,19.99,19.99,62
2,3,4/1/2011,91,FALSE,21.99,21.99,62
2,3,5/20/2011,140,FALSE,21.99,21.99,62
2,3,10/28/2011,301,FALSE,21.99,21.99,62
2,3,4/29/2011,119,FALSE,21.99,21.99,61
2,3,5/27/2011,147,FALSE,21.99,21.99,61
2,3,6/17/2011,168,FALSE,21.99,21.99,61
2,3,12/31/2010,365,TRUE,19.99,19.99,59
2,3,6/10/2011,161,FALSE,21.99,21.99,59
2,3,3/25/2011,84,FALSE,21.99,21.99,58
2,3,3/18/2011,77,FALSE,21.99,21.99,52
