static/data/Resources/Sales_Product_Price_by_Store_JFC.csv
Store,Product,Date,Day_of_Year,Is_Holiday,Base Price,Price,Weekly_Units_Sold
2,2,7/2/2010,183,FALSE,5.99,4.01,877
2,2,7/16/2010,197,FALSE,5.99,4.01,844
2,2,4/2/2010,92,FALSE,5.99,4.01,830
2,2,7/30/2010,211,FALSE,5.99,4.01,825
2,2,4/23/2010,113,FALSE,5.99,4.01,808
2,2,7/23/2010,204,FALSE,5.99,4.01,808
2,2,7/9/2010,190,FALSE,5.99,4.01,803
2,2,4/16/2010,106,FALSE,5.99,4.01,792
2,2,4/30/2010,120,FALSE,5.99,4.01,791
2,2,4/1/2011,91,FALSE,5.99,4.01,791
2,2,7/1/2011,182,FALSE,5.99,4.01,788
2,2,4/22/2011,112,FALSE,5.99,4.01,787
2,2,4/9/2010,99,FALSE,5.99,4.01,781
2,2,7/8/2011,189,FALSE,5.99,4.01,781
2,2,7/22/2011,203,FALSE,5.99,4.01,780
2,2,7/15/2011,196,FALSE,5.99,4.01,776
2,2,4/15/2011,105,FALSE,5.99,4.01,765
2,2,4/29/2011,119,FALSE,5.99,4.01,763
2,2,7/29/2011,210,FALSE,5.99,4.01,754
2,2,4/8/2011,98,FALSE,5.99,4.01,752
2,2,7/6/2012,188,FALSE,6.99,4.68,706
2,2,4/6/2012,97,FALSE,6.99,4.68,705
2,2,4/20/2012,111,FALSE,6.99,4.68,675
2,2,7/27/2012,209,FALSE,6.99,4.68,667
2,2,7/20/2012,202,FALSE,6.99,4.68,657
2,2,7/13/2012,195,FALSE,6.99,4.68,654
2,2,12/23/2011,357,FALSE,5.99,5.99,623
2,2,4/27/2012,118,FALSE,6.99,4.68,617
2,2,4/13/2012,104,FALSE,6.99,4.68,615
2,2,12/24/2010,358,FALSE,5.99,5.99,611
2,2,2/5/2010,36,FALSE,5.99,5.99,498
2,2,12/17/2010,351,FALSE,5.99,5.99,497
2,2,12/16/2011,350,FALSE,5.99,5.99,489
2,2,6/11/2010,162,FALSE,5.99,5.99,484
2,2,2/19/2010,50,FALSE,5.99,5.99,473
2,2,2/11/2011,42,TRUE,5.99,5.99,471
2,2,9/3/2010,246,FALSE,5.99,5.99,467
2,2,3/4/2011,63,FALSE,5.99,5.99,467
2,2,8/6/2010,218,FALSE,5.99,5.99,466
2,2,8/13/2010,225,FALSE,5.99,5.99,466
2,2,5/21/2010,141,FALSE,5.99,5.99,465
2,2,6/18/2010,169,FALSE,5.99,5.99,464
2,2,8/20/2010,232,FALSE,5.99,5.99,463
2,2,2/18/2011,49,FALSE,5.99,5.99,463
2,2,8/26/2011,238,FALSE,5.99,5.99,463
2,2,8/27/2010,239,FALSE,5.99,5.99,462
2,2,5/7/2010,127,FALSE,5.99,5.99,460
2,2,6/4/2010,155,FALSE,5.99,5.99,460
2,2,5/28/2010,148,FALSE,5.99,5.99,459
2,2,6/25/2010,176,FALSE,5.99,5.99,457
2,2,3/5/2010,64,FALSE,5.99,5.99,456
2,2,3/11/2011,70,FALSE,5.99,5.99,453
2,2,8/5/2011,217,FALSE,5.99,5.99,452
2,2,8/19/2011,231,FALSE,5.99,5.99,449
2,2,11/26/2010,330,TRUE,5.99,5.99,446
2,2,6/10/2011,161,FALSE,5.99,5.99,445
2,2,8/12/2011,224,FALSE,5.99,5.99,445
2,2,3/12/2010,71,FALSE,5.99,5.99,444
2,2,6/17/2011,168,FALSE,5.99,5.99,444
2,2,10/1/2010,274,FALSE,5.99,5.99,443
2,2,12/10/2010,344,FALSE,5.99,5.99,443
2,2,12/9/2011,343,FALSE,5.99,5.99,441
2,2,9/2/2011,245,FALSE,5.99,5.99,440
2,2,9/24/2010,267,FALSE,5.99,5.99,439
2,2,2/25/2011,56,FALSE,5.99,5.99,439
2,2,6/3/2011,154,FALSE,5.99,5.99,439
2,2,9/10/2010,253,TRUE,5.99,5.99,438
2,2,2/12/2010,43,TRUE,5.99,5.99,437
2,2,11/4/2011,308,FALSE,5.99,5.99,437
2,2,11/19/2010,323,FALSE,5.99,5.99,434
2,2,2/26/2010,57,FALSE,5.99,5.99,433
2,2,10/7/2011,280,FALSE,5.99,5.99,433
2,2,5/27/2011,147,FALSE,5.99,5.99,432
2,2,11/25/2011,329,TRUE,5.99,5.99,432
2,2,9/17/2010,260,FALSE,5.99,5.99,431
2,2,3/18/2011,77,FALSE,5.99,5.99,431
2,2,3/19/2010,78,FALSE,5.99,5.99,429
2,2,10/8/2010,281,FALSE,5.99,5.99,429
2,2,11/5/2010,309,FALSE,5.99,5.99,429
2,2,10/15/2010,288,FALSE,5.99,5.99,424
2,2,10/29/2010,302,FALSE,5.99,5.99,421
2,2,5/6/2011,126,FALSE,5.99,5.99,421
2,2,1/7/2011,7,FALSE,5.99,5.99,420
2,2,10/22/2010,295,FALSE,5.99,5.99,419
2,2,12/3/2010,337,FALSE,5.99,5.99,419
2,2,5/13/2011,133,FALSE,5.99,5.99,419
2,2,5/14/2010,134,FALSE,5.99,5.99,418
2,2,10/14/2011,287,FALSE,5.99,5.99,417
2,2,11/12/2010,316,FALSE,5.99,5.99,416
2,2,1/21/2011,21,FALSE,5.99,5.99,414
2,2,5/20/2011,140,FALSE,5.99,5.99,413
2,2,9/30/2011,273,FALSE,5.99,5.99,411
2,2,6/24/2011,175,FALSE,5.99,5.99,410
2,2,11/11/2011,315,FALSE,5.99,5.99,410
2,2,11/18/2011,322,FALSE,5.99,5.99,409
2,2,9/23/2011,266,FALSE,5.99,5.99,407
2,2,3/25/2011,84,FALSE,5.99,5.99,405
2,2,9/9/2011,252,TRUE,5.99,5.99,405
2,2,10/21/2011,294,FALSE,5.99,5.99,405
2,2,12/2/2011,336,FALSE,5.99,5.99,402
2,2,2/4/2011,35,FALSE,5.99,5.99,401
2,2,8/31/2012,244,FALSE,6.99,6.99,401
2,2,3/26/2010,85,FALSE,5.99,5.99,399
2,2,1/28/2011,28,FALSE,5.99,5.99,399
2,2,10/28/2011,301,FALSE,5.99,5.99,395
2,2,9/16/2011,259,FALSE,5.99,5.99,394
2,2,2/3/2012,34,FALSE,6.99,6.99,392
2,2,3/2/2012,62,FALSE,6.99,6.99,389
2,2,6/8/2012,160,FALSE,6.99,6.99,389
2,2,12/30/2011,364,TRUE,5.99,5.99,385
2,2,2/17/2012,48,FALSE,6.99,6.99,385
2,2,8/3/2012,216,FALSE,6.99,6.99,381
2,2,2/10/2012,41,TRUE,6.99,6.99,380
2,2,3/16/2012,76,FALSE,6.99,6.99,379
2,2,6/22/2012,174,FALSE,6.99,6.99,379
2,2,8/17/2012,230,FALSE,6.99,6.99,379
2,2,1/14/2011,14,FALSE,5.99,5.99,377
2,2,8/24/2012,237,FALSE,6.99,6.99,375
2,2,10/5/2012,279,FALSE,6.99,6.99,371
2,2,12/31/2010,365,TRUE,5.99,5.99,369
2,2,5/4/2012,125,FALSE,6.99,6.99,369
2,2,8/10/2012,223,FALSE,6.99,6.99,369
2,2,6/15/2012,167,FALSE,6.99,6.99,368
2,2,3/9/2012,69,FALSE,6.99,6.99,367
2,2,6/29/2012,181,FALSE,6.99,6.99,366
2,2,2/24/2012,55,FALSE,6.99,6.99,365
2,2,5/25/2012,146,FALSE,6.99,6.99,365
2,2,9/21/2012,265,FALSE,6.99,6.99,365
2,2,9/7/2012,251,TRUE,6.99,6.99,364
2,2,1/6/2012,6,FALSE,6.99,6.99,357
2,2,6/1/2012,153,FALSE,6.99,6.99,357
2,2,10/19/2012,293,FALSE,6.99,6.99,353
2,2,9/14/2012,258,FALSE,6.99,6.99,352
2,2,3/30/2012,90,FALSE,6.99,6.99,351
2,2,5/18/2012,139,FALSE,6.99,6.99,351
2,2,3/23/2012,83,FALSE,6.99,6.99,349
2,2,1/13/2012,13,FALSE,6.99,6.99,343
2,2,10/26/2012,300,FALSE,6.99,6.99,343
2,2,5/11/2012,132,FALSE,6.99,6.99,339
2,2,1/20/2012,20,FALSE,6.99,6.99,338
2,2,9/28/2012,272,FALSE,6.99,6.99,338
2,2,10/12/2012,286,FALSE,6.99,6.99,328
2,2,1/27/2012,27,FALSE,6.99,6.99,319
6,3,7/30/2010,211,FALSE,19.99,10,753
6,3,7/27/2012,209,FALSE,19.99,10,737
6,3,7/20/2012,202,FALSE,19.99,10,717
6,3,7/29/2011,210,FALSE,21.99,11,647
6,3,7/23/2010,204,FALSE,19.99,10,573
6,3,7/22/2011,203,FALSE,21.99,11,564
6,3,7/13/2012,195,FALSE,19.99,10,519
6,3,7/16/2010,197,FALSE,19.99,10,448
6,3,7/15/2011,196,FALSE,21.99,11,421
6,3,8/20/2010,232,FALSE,19.99,19.99,397
6,3,7/6/2012,188,FALSE,19.99,10,390
6,3,8/27/2010,239,FALSE,19.99,19.99,373
6,3,7/9/2010,190,FALSE,19.99,10,372
6,3,11/26/2010,330,TRUE,19.99,10,371
6,3,8/31/2012,244,FALSE,19.99,19.99,358
6,3,8/24/2012,237,FALSE,19.99,19.99,356
6,3,7/2/2010,183,FALSE,19.99,10,346
6,3,8/26/2011,238,FALSE,21.99,21.99,343
6,3,11/12/2010,316,FALSE,19.99,10,329
6,3,8/19/2011,231,FALSE,21.99,21.99,325
6,3,11/19/2010,323,FALSE,19.99,10,322
6,3,7/8/2011,189,FALSE,21.99,11,319
6,3,8/17/2012,230,FALSE,19.99,19.99,314
6,3,11/5/2010,309,FALSE,19.99,10,305
6,3,11/25/2011,329,TRUE,21.99,11,305
6,3,8/13/2010,225,FALSE,19.99,19.99,294
6,3,7/1/2011,182,FALSE,21.99,11,293
6,3,8/3/2012,216,FALSE,19.99,19.99,277
6,3,8/6/2010,218,FALSE,19.99,19.99,266
6,3,8/10/2012,223,FALSE,19.99,19.99,262
6,3,8/12/2011,224,FALSE,21.99,21.99,256
6,3,11/4/2011,308,FALSE,21.99,11,255
6,3,11/11/2011,315,FALSE,21.99,11,253
6,3,11/18/2011,322,FALSE,21.99,11,241
6,3,8/5/2011,217,FALSE,21.99,21.99,202
6,3,9/7/2012,251,TRUE,19.99,19.99,162
6,3,9/3/2010,246,FALSE,19.99,19.99,159
6,3,12/24/2010,358,FALSE,19.99,19.99,155
6,3,12/23/2011,357,FALSE,21.99,21.99,133
6,3,9/2/2011,245,FALSE,21.99,21.99,131
6,3,12/17/2010,351,FALSE,19.99,19.99,129
6,3,12/10/2010,344,FALSE,19.99,19.99,111
6,3,1/6/2012,6,FALSE,19.99,19.99,111
6,3,12/16/2011,350,FALSE,21.99,21.99,110
6,3,1/13/2012,13,FALSE,19.99,19.99,107
6,3,1/7/2011,7,FALSE,21.99,21.99,106
6,3,2/10/2012,41,TRUE,19.99,19.99,105
6,3,9/10/2010,253,TRUE,19.99,19.99,104
6,3,2/5/2010,36,FALSE,19.99,19.99,99
6,3,2/3/2012,34,FALSE,19.99,19.99,98
6,3,12/3/2010,337,FALSE,19.99,19.99,97
6,3,12/9/2011,343,FALSE,21.99,21.99,96
6,3,2/12/2010,43,TRUE,19.99,19.99,90
6,3,1/20/2012,20,FALSE,19.99,19.99,89
6,3,9/9/2011,252,TRUE,21.99,21.99,88
6,3,2/19/2010,50,FALSE,19.99,19.99,87
6,3,3/12/2010,71,FALSE,19.99,19.99,87
6,3,4/2/2010,92,FALSE,19.99,19.99,87
6,3,1/27/2012,27,FALSE,19.99,19.99,87
6,3,2/17/2012,48,FALSE,19.99,19.99,86
6,3,6/29/2012,181,FALSE,19.99,19.99,86
6,3,9/14/2012,258,FALSE,19.99,19.99,86
6,3,3/5/2010,64,FALSE,19.99,19.99,85
6,3,6/15/2012,167,FALSE,19.99,19.99,84
6,3,2/26/2010,57,FALSE,19.99,19.99,83
6,3,9/17/2010,260,FALSE,19.99,19.99,83
6,3,3/2/2012,62,FALSE,19.99,19.99,83
6,3,12/31/2010,365,TRUE,19.99,19.99,82
6,3,2/24/2012,55,FALSE,19.99,19.99,82
6,3,3/9/2012,69,FALSE,19.99,19.99,82
6,3,3/16/2012,76,FALSE,19.99,19.99,82
6,3,4/6/2012,97,FALSE,19.99,19.99,82
6,3,10/22/2010,295,FALSE,19.99,19.99,81
6,3,1/21/2011,21,FALSE,21.99,21.99,81
6,3,12/2/2011,336,FALSE,21.99,21.99,81
6,3,6/8/2012,160,FALSE,19.99,19.99,81
6,3,10/5/2012,279,FALSE,19.99,19.99,81
6,3,10/12/2012,286,FALSE,19.99,19.99,81
6,3,6/4/2010,155,FALSE,19.99,19.99,79
6,3,6/11/2010,162,FALSE,19.99,19.99,79
6,3,1/14/2011,14,FALSE,21.99,21.99,79
6,3,2/11/2011,42,TRUE,21.99,21.99,79
6,3,9/16/2011,259,FALSE,21.99,21.99,79
6,3,12/30/2011,364,TRUE,21.99,21.99,79
6,3,5/11/2012,132,FALSE,19.99,19.99,79
6,3,5/25/2012,146,FALSE,19.99,19.99,79
6,3,9/21/2012,265,FALSE,19.99,19.99,79
6,3,3/19/2010,78,FALSE,19.99,19.99,78
6,3,6/25/2010,176,FALSE,19.99,19.99,78
6,3,10/7/2011,280,FALSE,21.99,21.99,78
6,3,6/1/2012,153,FALSE,19.99,19.99,78
6,3,10/19/2012,293,FALSE,19.99,19.99,78
6,3,5/28/2010,148,FALSE,19.99,19.99,77
6,3,5/4/2012,125,FALSE,19.99,19.99,77
6,3,10/29/2010,302,FALSE,19.99,19.99,76
6,3,4/9/2010,99,FALSE,19.99,19.99,75
6,3,4/23/2010,113,FALSE,19.99,19.99,75
6,3,2/18/2011,49,FALSE,21.99,21.99,75
6,3,3/23/2012,83,FALSE,19.99,19.99,75
6,3,4/20/2012,111,FALSE,19.99,19.99,75
6,3,4/16/2010,106,FALSE,19.99,19.99,74
6,3,1/28/2011,28,FALSE,21.99,21.99,74
6,3,10/26/2012,300,FALSE,19.99,19.99,74
6,3,3/26/2010,85,FALSE,19.99,19.99,73
6,3,4/8/2011,98,FALSE,21.99,21.99,73
6,3,6/10/2011,161,FALSE,21.99,21.99,73
6,3,5/18/2012,139,FALSE,19.99,19.99,73
6,3,5/21/2010,141,FALSE,19.99,19.99,72
6,3,10/15/2010,288,FALSE,19.99,19.99,72
6,3,4/30/2010,120,FALSE,19.99,19.99,71
6,3,6/18/2010,169,FALSE,19.99,19.99,71
6,3,3/4/2011,63,FALSE,21.99,21.99,71
6,3,5/27/2011,147,FALSE,21.99,21.99,71
6,3,6/3/2011,154,FALSE,21.99,21.99,71
6,3,10/14/2011,287,FALSE,21.99,21.99,71
6,3,2/4/2011,35,FALSE,21.99,21.99,70
6,3,4/15/2011,105,FALSE,21.99,21.99,70
6,3,10/1/2010,274,FALSE,19.99,19.99,69
6,3,10/8/2010,281,FALSE,19.99,19.99,69
6,3,2/25/2011,56,FALSE,21.99,21.99,69
6,3,3/11/2011,70,FALSE,21.99,21.99,69
6,3,3/30/2012,90,FALSE,19.99,19.99,69
6,3,6/22/2012,174,FALSE,19.99,19.99,69
6,3,9/28/2012,272,FALSE,19.99,19.99,69
6,3,5/7/2010,127,FALSE,19.99,19.99,67
6,3,5/14/2010,134,FALSE,19.99,19.99,67
6,3,4/22/2011,112,FALSE,21.99,21.99,67
6,3,4/27/2012,118,FALSE,19.99,19.99,67
6,3,5/6/2011,126,FALSE,21.99,21.99,66
6,3,9/24/2010,267,FALSE,19.99,19.99,65
6,3,10/21/2011,294,FALSE,21.99,21.99,65
6,3,4/13/2012,104,FALSE,19.99,19.99,65
6,3,4/1/2011,91,FALSE,21.99,21.99,64
6,3,6/17/2011,168,FALSE,21.99,21.99,64
6,3,9/30/2011,273,FALSE,21.99,21.99,64
6,3,9/23/2011,266,FALSE,21.99,21.99,63
6,3,3/18/2011,77,FALSE,21.99,21.99,62
6,3,4/29/2011,119,FALSE,21.99,21.99,61
6,3,5/13/2011,133,FALSE,21.99,21.99,61
6,3,5/20/2011,140,FALSE,21.99,21.99,61
6,3,10/28/2011,301,FALSE,21.99,21.99,61
6,3,3/25/2011,84,FALSE,21.99,21.99,60
6,3,6/24/2011,175,FALSE,21.99,21.99,59
6,2,7/2/2010,183,FALSE,5.99,4.01,691
6,2,7/23/2010,204,FALSE,5.99,4.01,679
6,2,7/8/2011,189,FALSE,5.99,4.01,673
6,2,7/22/2011,203,FALSE,5.99,4.01,672
6,2,7/16/2010,197,FALSE,5.99,4.01,671
6,2,7/1/2011,182,FALSE,5.99,4.01,654
6,2,7/9/2010,190,FALSE,5.99,4.01,652
6,2,7/30/2010,211,FALSE,5.99,4.01,641
6,2,4/2/2010,92,FALSE,5.99,4.01,629
6,2,4/9/2010,99,FALSE,5.99,4.01,629
6,2,7/15/2011,196,FALSE,5.99,4.01,624
6,2,7/6/2012,188,FALSE,6.99,4.68,621
6,2,7/29/2011,210,FALSE,5.99,4.01,618
6,2,4/22/2011,112,FALSE,5.99,4.01,606
6,2,4/16/2010,106,FALSE,5.99,4.01,605
6,2,4/23/2010,113,FALSE,5.99,4.01,597
6,2,4/30/2010,120,FALSE,5.99,4.01,591
6,2,4/29/2011,119,FALSE,5.99,4.01,583
6,2,4/8/2011,98,FALSE,5.99,4.01,569
6,2,4/6/2012,97,FALSE,6.99,4.68,566
6,2,4/1/2011,91,FALSE,5.99,4.01,557
6,2,4/15/2011,105,FALSE,5.99,4.01,553
6,2,7/20/2012,202,FALSE,6.99,4.68,553
6,2,12/23/2011,357,FALSE,5.99,5.99,533
6,2,7/13/2012,195,FALSE,6.99,4.68,533
6,2,7/27/2012,209,FALSE,6.99,4.68,533
6,2,4/27/2012,118,FALSE,6.99,4.68,498
6,2,4/13/2012,104,FALSE,6.99,4.68,489
6,2,4/20/2012,111,FALSE,6.99,4.68,489
6,2,12/24/2010,358,FALSE,5.99,5.99,473
6,2,6/4/2010,155,FALSE,5.99,5.99,389
6,2,12/16/2011,350,FALSE,5.99,5.99,389
6,2,6/3/2011,154,FALSE,5.99,5.99,376
6,2,6/11/2010,162,FALSE,5.99,5.99,375
6,2,8/5/2011,217,FALSE,5.99,5.99,370
6,2,8/6/2010,218,FALSE,5.99,5.99,367
6,2,6/18/2010,169,FALSE,5.99,5.99,360
6,2,12/9/2011,343,FALSE,5.99,5.99,360
6,2,8/20/2010,232,FALSE,5.99,5.99,358
6,2,6/25/2010,176,FALSE,5.99,5.99,357
6,2,6/10/2011,161,FALSE,5.99,5.99,357
6,2,12/17/2010,351,FALSE,5.99,5.99,356
6,2,3/5/2010,64,FALSE,5.99,5.99,353
6,2,5/28/2010,148,FALSE,5.99,5.99,351
6,2,5/7/2010,127,FALSE,5.99,5.99,349
6,2,8/27/2010,239,FALSE,5.99,5.99,347
6,2,9/9/2011,252,TRUE,5.99,5.99,347
6,2,8/13/2010,225,FALSE,5.99,5.99,346
6,2,11/25/2011,329,TRUE,5.99,5.99,346
6,2,3/18/2011,77,FALSE,5.99,5.99,345
6,2,8/19/2011,231,FALSE,5.99,5.99,345
6,2,8/26/2011,238,FALSE,5.99,5.99,344
6,2,11/26/2010,330,TRUE,5.99,5.99,343
6,2,8/12/2011,224,FALSE,5.99,5.99,341
6,2,5/21/2010,141,FALSE,5.99,5.99,340
6,2,2/5/2010,36,FALSE,5.99,5.99,339
6,2,6/17/2011,168,FALSE,5.99,5.99,338
6,2,10/7/2011,280,FALSE,5.99,5.99,337
6,2,3/19/2010,78,FALSE,5.99,5.99,335
6,2,9/3/2010,246,FALSE,5.99,5.99,331
6,2,12/3/2010,337,FALSE,5.99,5.99,331
6,2,5/27/2011,147,FALSE,5.99,5.99,331
6,2,3/12/2010,71,FALSE,5.99,5.99,327
6,2,12/10/2010,344,FALSE,5.99,5.99,327
6,2,6/24/2011,175,FALSE,5.99,5.99,327
6,2,3/4/2011,63,FALSE,5.99,5.99,325
6,2,11/11/2011,315,FALSE,5.99,5.99,325
6,2,3/11/2011,70,FALSE,5.99,5.99,323
6,2,12/30/2011,364,TRUE,5.99,5.99,322
6,2,2/19/2010,50,FALSE,5.99,5.99,321
6,2,6/8/2012,160,FALSE,6.99,6.99,320
6,2,11/4/2011,308,FALSE,5.99,5.99,319
6,2,5/14/2010,134,FALSE,5.99,5.99,318
6,2,11/18/2011,322,FALSE,5.99,5.99,318
6,2,12/2/2011,336,FALSE,5.99,5.99,317
6,2,5/6/2011,126,FALSE,5.99,5.99,316
6,2,5/13/2011,133,FALSE,5.99,5.99,315
6,2,9/2/2011,245,FALSE,5.99,5.99,314
6,2,6/22/2012,174,FALSE,6.99,6.99,314
6,2,8/3/2012,216,FALSE,6.99,6.99,314
6,2,9/10/2010,253,TRUE,5.99,5.99,313
6,2,2/18/2011,49,FALSE,5.99,5.99,313
6,2,3/25/2011,84,FALSE,5.99,5.99,313
6,2,9/16/2011,259,FALSE,5.99,5.99,313
6,2,2/12/2010,43,TRUE,5.99,5.99,310
6,2,3/16/2012,76,FALSE,6.99,6.99,309
6,2,6/15/2012,167,FALSE,6.99,6.99,308
6,2,2/26/2010,57,FALSE,5.99,5.99,307
6,2,2/11/2011,42,TRUE,5.99,5.99,307
6,2,2/25/2011,56,FALSE,5.99,5.99,307
6,2,9/23/2011,266,FALSE,5.99,5.99,305
6,2,3/2/2012,62,FALSE,6.99,6.99,305
6,2,6/1/2012,153,FALSE,6.99,6.99,305
6,2,5/20/2011,140,FALSE,5.99,5.99,304
6,2,6/29/2012,181,FALSE,6.99,6.99,304
6,2,10/21/2011,294,FALSE,5.99,5.99,301
6,2,8/31/2012,244,FALSE,6.99,6.99,301
6,2,3/26/2010,85,FALSE,5.99,5.99,300
6,2,11/19/2010,323,FALSE,5.99,5.99,298
6,2,1/7/2011,7,FALSE,5.99,5.99,298
6,2,10/14/2011,287,FALSE,5.99,5.99,298
6,2,11/5/2010,309,FALSE,5.99,5.99,297
6,2,9/7/2012,251,TRUE,6.99,6.99,296
6,2,10/29/2010,302,FALSE,5.99,5.99,295
6,2,10/28/2011,301,FALSE,5.99,5.99,295
6,2,8/10/2012,223,FALSE,6.99,6.99,295
6,2,8/24/2012,237,FALSE,6.99,6.99,294
6,2,10/1/2010,274,FALSE,5.99,5.99,293
6,2,10/15/2010,288,FALSE,5.99,5.99,293
6,2,2/4/2011,35,FALSE,5.99,5.99,293
6,2,3/9/2012,69,FALSE,6.99,6.99,292
6,2,5/4/2012,125,FALSE,6.99,6.99,292
6,2,10/22/2010,295,FALSE,5.99,5.99,291
6,2,11/12/2010,316,FALSE,5.99,5.99,289
6,2,10/8/2010,281,FALSE,5.99,5.99,288
6,2,2/10/2012,41,TRUE,6.99,6.99,288
6,2,9/17/2010,260,FALSE,5.99,5.99,287
6,2,9/30/2011,273,FALSE,5.99,5.99,287
6,2,5/25/2012,146,FALSE,6.99,6.99,287
6,2,8/17/2012,230,FALSE,6.99,6.99,287
6,2,9/24/2010,267,FALSE,5.99,5.99,286
6,2,10/5/2012,279,FALSE,6.99,6.99,285
6,2,12/31/2010,365,TRUE,5.99,5.99,281
6,2,5/11/2012,132,FALSE,6.99,6.99,279
6,2,2/17/2012,48,FALSE,6.99,6.99,278
6,2,1/14/2011,14,FALSE,5.99,5.99,277
6,2,2/24/2012,55,FALSE,6.99,6.99,277
6,2,2/3/2012,34,FALSE,6.99,6.99,276
6,2,1/6/2012,6,FALSE,6.99,6.99,273
6,2,1/21/2011,21,FALSE,5.99,5.99,269
6,2,3/23/2012,83,FALSE,6.99,6.99,269
6,2,3/30/2012,90,FALSE,6.99,6.99,269
6,2,9/21/2012,265,FALSE,6.99,6.99,268
6,2,5/18/2012,139,FALSE,6.99,6.99,265
6,2,1/28/2011,28,FALSE,5.99,5.99,263
6,2,9/14/2012,258,FALSE,6.99,6.99,261
6,2,10/19/2012,293,FALSE,6.99,6.99,260
6,2,1/13/2012,13,FALSE,6.99,6.99,259
6,2,10/26/2012,300,FALSE,6.99,6.99,258
6,2,1/20/2012,20,FALSE,6.99,6.99,256
6,2,9/28/2012,272,FALSE,6.99,6.99,253
6,2,10/12/2012,286,FALSE,6.99,6.99,245
6,2,1/27/2012,27,FALSE,6.99,6.99,237
