static/data/Resources/Sales_Product_Price_by_Store_JFC.csv
Store,Product,Date,Day_of_Year,Is_Holiday,Base Price,Price,Weekly_Units_Sold
4,1,2/12/2010,43,TRUE,9.99,7.99,687
4,1,2/17/2012,48,FALSE,10.99,8.79,649
4,1,12/24/2010,358,FALSE,9.99,9.99,608
4,1,2/18/2011,49,FALSE,10.99,8.79,532
4,1,12/23/2011,357,FALSE,10.99,10.99,531
4,1,10/29/2010,302,FALSE,9.99,9.99,516
4,1,4/2/2010,92,FALSE,9.99,9.99,503
4,1,12/17/2010,351,FALSE,9.99,9.99,496
4,1,4/6/2012,97,FALSE,10.99,10.99,496
4,1,2/19/2010,50,FALSE,9.99,7.99,491
4,1,2/11/2011,42,TRUE,10.99,8.79,490
4,1,4/22/2011,112,FALSE,10.99,10.99,482
4,1,2/10/2012,41,TRUE,10.99,8.79,481
4,1,11/4/2011,308,FALSE,10.99,10.99,453
4,1,12/16/2011,350,FALSE,10.99,10.99,425
4,1,2/5/2010,36,FALSE,9.99,7.99,381
4,1,4/9/2010,99,FALSE,9.99,9.99,376
4,1,10/28/2011,301,FALSE,10.99,10.99,375
4,1,2/3/2012,34,FALSE,10.99,8.79,347
4,1,10/22/2010,295,FALSE,9.99,9.99,345
4,1,12/10/2010,344,FALSE,9.99,9.99,333
4,1,10/26/2012,300,FALSE,10.99,10.99,329
4,1,11/5/2010,309,FALSE,9.99,9.99,325
4,1,12/9/2011,343,FALSE,10.99,10.99,303
4,1,2/26/2010,57,FALSE,9.99,7.99,296
4,1,2/4/2011,35,FALSE,10.99,8.79,296
4,1,4/29/2011,119,FALSE,10.99,10.99,293
4,1,4/13/2012,104,FALSE,10.99,10.99,289
4,1,10/19/2012,293,FALSE,10.99,10.99,287
4,1,10/15/2010,288,FALSE,9.99,9.99,281
4,1,5/14/2010,134,FALSE,9.99,7.99,272
4,1,5/7/2010,127,FALSE,9.99,7.99,270
4,1,2/24/2012,55,FALSE,10.99,8.79,270
4,1,5/21/2010,141,FALSE,9.99,7.99,267
4,1,10/21/2011,294,FALSE,10.99,10.99,265
4,1,5/11/2012,132,FALSE,10.99,8.79,263
4,1,10/14/2011,287,FALSE,10.99,10.99,259
4,1,3/30/2012,90,FALSE,10.99,10.99,257
4,1,10/12/2012,286,FALSE,10.99,10.99,255
4,1,4/15/2011,105,FALSE,10.99,10.99,254
4,1,5/28/2010,148,FALSE,9.99,7.99,250
4,1,10/8/2010,281,FALSE,9.99,9.99,247
4,1,12/3/2010,337,FALSE,9.99,9.99,244
4,1,5/18/2012,139,FALSE,10.99,8.79,244
4,1,10/1/2010,274,FALSE,9.99,9.99,243
4,1,12/2/2011,336,FALSE,10.99,10.99,242
4,1,10/7/2011,280,FALSE,10.99,10.99,241
4,1,10/5/2012,279,FALSE,10.99,10.99,239
4,1,5/25/2012,146,FALSE,10.99,8.79,237
4,1,5/4/2012,125,FALSE,10.99,8.79,234
4,1,9/3/2010,246,FALSE,9.99,9.99,231
4,1,5/13/2011,133,FALSE,10.99,8.79,231
4,1,9/10/2010,253,TRUE,9.99,9.99,224
4,1,2/25/2011,56,FALSE,10.99,8.79,224
4,1,3/26/2010,85,FALSE,9.99,9.99,223
4,1,9/17/2010,260,FALSE,9.99,9.99,222
4,1,9/21/2012,265,FALSE,10.99,10.99,221
4,1,5/6/2011,126,FALSE,10.99,8.79,217
4,1,11/19/2010,323,FALSE,9.99,9.99,216
4,1,9/24/2010,267,FALSE,9.99,9.99,215
4,1,5/20/2011,140,FALSE,10.99,8.79,215
4,1,3/23/2012,83,FALSE,10.99,10.99,215
4,1,9/14/2012,258,FALSE,10.99,10.99,215
4,1,5/27/2011,147,FALSE,10.99,8.79,213
4,1,11/11/2011,315,FALSE,10.99,10.99,212
4,1,3/5/2010,64,FALSE,9.99,9.99,211
4,1,4/8/2011,98,FALSE,10.99,10.99,211
4,1,12/30/2011,364,TRUE,10.99,10.99,211
4,1,9/28/2012,272,FALSE,10.99,10.99,211
4,1,11/26/2010,330,TRUE,9.99,9.99,207
4,1,9/16/2011,259,FALSE,10.99,10.99,207
4,1,3/19/2010,78,FALSE,9.99,9.99,206
4,1,9/23/2011,266,FALSE,10.99,10.99,204
4,1,9/9/2011,252,TRUE,10.99,10.99,201
4,1,9/30/2011,273,FALSE,10.99,10.99,201
4,1,3/16/2012,76,FALSE,10.99,10.99,201
4,1,3/12/2010,71,FALSE,9.99,9.99,197
4,1,11/12/2010,316,FALSE,9.99,9.99,197
4,1,4/1/2011,91,FALSE,10.99,10.99,195
4,1,11/25/2011,329,TRUE,10.99,10.99,195
4,1,9/7/2012,251,TRUE,10.99,10.99,195
4,1,3/18/2011,77,FALSE,10.99,10.99,191
4,1,12/31/2010,365,TRUE,9.99,9.99,189
4,1,11/18/2011,322,FALSE,10.99,10.99,188
4,1,8/27/2010,239,FALSE,9.99,9.99,187
4,1,1/20/2012,20,FALSE,10.99,10.99,187
4,1,3/25/2011,84,FALSE,10.99,10.99,186
4,1,4/16/2010,106,FALSE,9.99,9.99,185
4,1,3/2/2012,62,FALSE,10.99,10.99,185
4,1,7/23/2010,204,FALSE,9.99,9.99,184
4,1,7/30/2010,211,FALSE,9.99,9.99,183
4,1,3/9/2012,69,FALSE,10.99,10.99,183
4,1,7/2/2010,183,FALSE,9.99,9.99,182
4,1,1/27/2012,27,FALSE,10.99,10.99,182
4,1,7/16/2010,197,FALSE,9.99,9.99,181
4,1,8/13/2010,225,FALSE,9.99,9.99,181
4,1,8/20/2010,232,FALSE,9.99,9.99,181
4,1,3/11/2011,70,FALSE,10.99,10.99,181
4,1,6/11/2010,162,FALSE,9.99,9.99,180
4,1,6/18/2010,169,FALSE,9.99,9.99,179
4,1,1/28/2011,28,FALSE,10.99,10.99,179
4,1,7/9/2010,190,FALSE,9.99,9.99,178
4,1,6/15/2012,167,FALSE,10.99,10.99,177
4,1,6/25/2010,176,FALSE,9.99,9.99,173
4,1,1/21/2011,21,FALSE,10.99,10.99,173
4,1,8/24/2012,237,FALSE,10.99,10.99,173
4,1,6/4/2010,155,FALSE,9.99,9.99,171
4,1,1/13/2012,13,FALSE,10.99,10.99,171
4,1,6/29/2012,181,FALSE,10.99,10.99,171
4,1,7/13/2012,195,FALSE,10.99,10.99,171
4,1,8/31/2012,244,FALSE,10.99,10.99,171
4,1,9/2/2011,245,FALSE,10.99,10.99,169
4,1,7/20/2012,202,FALSE,10.99,10.99,169
4,1,4/30/2010,120,FALSE,9.99,9.99,167
4,1,1/6/2012,6,FALSE,10.99,10.99,167
4,1,6/22/2012,174,FALSE,10.99,10.99,167
4,1,8/3/2012,216,FALSE,10.99,10.99,166
4,1,8/10/2012,223,FALSE,10.99,10.99,166
4,1,8/6/2010,218,FALSE,9.99,9.99,165
4,1,6/8/2012,160,FALSE,10.99,10.99,164
4,1,8/19/2011,231,FALSE,10.99,10.99,163
4,1,7/6/2012,188,FALSE,10.99,10.99,163
4,1,1/14/2011,14,FALSE,10.99,10.99,162
4,1,7/27/2012,209,FALSE,10.99,10.99,162
4,1,4/23/2010,113,FALSE,9.99,9.99,160
4,1,8/17/2012,230,FALSE,10.99,10.99,160
4,1,7/15/2011,196,FALSE,10.99,10.99,159
4,1,6/17/2011,168,FALSE,10.99,10.99,157
4,1,7/29/2011,210,FALSE,10.99,10.99,157
4,1,6/1/2012,153,FALSE,10.99,10.99,157
4,1,6/24/2011,175,FALSE,10.99,10.99,155
4,1,4/27/2012,118,FALSE,10.99,10.99,155
4,1,3/4/2011,63,FALSE,10.99,10.99,153
4,1,8/5/2011,217,FALSE,10.99,10.99,153
4,1,7/22/2011,203,FALSE,10.99,10.99,152
4,1,4/20/2012,111,FALSE,10.99,10.99,151
4,1,6/3/2011,154,FALSE,10.99,10.99,147
4,1,7/1/2011,182,FALSE,10.99,10.99,147
4,1,1/7/2011,7,FALSE,10.99,10.99,146
4,1,7/8/2011,189,FALSE,10.99,10.99,146
4,1,8/12/2011,224,FALSE,10.99,10.99,145
4,1,6/10/2011,161,FALSE,10.99,10.99,143
4,1,8/26/2011,238,FALSE,10.99,10.99,143
2,1,2/17/2012,48,FALSE,10.99,8.79,659
2,1,2/12/2010,43,TRUE,9.99,7.99,595
2,1,2/19/2010,50,FALSE,9.99,7.99,572
2,1,4/2/2010,92,FALSE,9.99,9.99,552
2,1,12/24/2010,358,FALSE,9.99,9.99,550
2,1,2/18/2011,49,FALSE,10.99,8.79,534
2,1,4/9/2010,99,FALSE,9.99,9.99,444
2,1,4/6/2012,97,FALSE,10.99,10.99,439
2,1,2/11/2011,42,TRUE,10.99,8.79,438
2,1,12/23/2011,357,FALSE,10.99,10.99,438
2,1,12/17/2010,351,FALSE,9.99,9.99,430
2,1,4/22/2011,112,FALSE,10.99,10.99,417
2,1,10/29/2010,302,FALSE,9.99,9.99,379
2,1,12/16/2011,350,FALSE,10.99,10.99,365
2,1,2/10/2012,41,TRUE,10.99,8.79,351
2,1,2/5/2010,36,FALSE,9.99,7.99,345
2,1,4/29/2011,119,FALSE,10.99,10.99,335
2,1,4/13/2012,104,FALSE,10.99,10.99,324
2,1,11/4/2011,308,FALSE,10.99,10.99,322
2,1,11/5/2010,309,FALSE,9.99,9.99,308
2,1,12/10/2010,344,FALSE,9.99,9.99,297
2,1,10/22/2010,295,FALSE,9.99,9.99,272
2,1,5/7/2010,127,FALSE,9.99,7.99,257
2,1,2/26/2010,57,FALSE,9.99,7.99,255
2,1,5/14/2010,134,FALSE,9.99,7.99,255
2,1,2/4/2011,35,FALSE,10.99,8.79,252
2,1,12/9/2011,343,FALSE,10.99,10.99,252
2,1,10/28/2011,301,FALSE,10.99,10.99,251
2,1,2/3/2012,34,FALSE,10.99,8.79,245
2,1,10/26/2012,300,FALSE,10.99,10.99,241
2,1,10/15/2010,288,FALSE,9.99,9.99,233
2,1,5/28/2010,148,FALSE,9.99,7.99,225
2,1,5/21/2010,141,FALSE,9.99,7.99,223
2,1,5/18/2012,139,FALSE,10.99,8.79,221
2,1,5/11/2012,132,FALSE,10.99,8.79,219
2,1,2/24/2012,55,FALSE,10.99,8.79,218
2,1,3/26/2010,85,FALSE,9.99,9.99,215
2,1,3/30/2012,90,FALSE,10.99,10.99,214
2,1,10/8/2010,281,FALSE,9.99,9.99,210
2,1,5/6/2011,126,FALSE,10.99,8.79,210
2,1,10/19/2012,293,FALSE,10.99,10.99,207
2,1,12/3/2010,337,FALSE,9.99,9.99,205
2,1,5/25/2012,146,FALSE,10.99,8.79,201
2,1,4/15/2011,105,FALSE,10.99,10.99,200
2,1,10/12/2012,286,FALSE,10.99,10.99,197
2,1,2/25/2011,56,FALSE,10.99,8.79,193
2,1,5/4/2012,125,FALSE,10.99,8.79,193
2,1,10/21/2011,294,FALSE,10.99,10.99,192
2,1,3/12/2010,71,FALSE,9.99,9.99,191
2,1,5/13/2011,133,FALSE,10.99,8.79,191
2,1,12/31/2010,365,TRUE,9.99,9.99,190
2,1,3/19/2010,78,FALSE,9.99,9.99,189
2,1,5/20/2011,140,FALSE,10.99,8.79,184
2,1,3/5/2010,64,FALSE,9.99,9.99,183
2,1,5/27/2011,147,FALSE,10.99,8.79,182
2,1,12/30/2011,364,TRUE,10.99,10.99,181
2,1,10/1/2010,274,FALSE,9.99,9.99,180
2,1,10/5/2012,279,FALSE,10.99,10.99,178
2,1,9/17/2010,260,FALSE,9.99,9.99,175
2,1,9/24/2010,267,FALSE,9.99,9.99,174
2,1,12/2/2011,336,FALSE,10.99,10.99,173
2,1,3/23/2012,83,FALSE,10.99,10.99,173
2,1,9/10/2010,253,TRUE,9.99,9.99,171
2,1,10/14/2011,287,FALSE,10.99,10.99,169
2,1,6/11/2010,162,FALSE,9.99,9.99,163
2,1,11/19/2010,323,FALSE,9.99,9.99,163
2,1,11/26/2010,330,TRUE,9.99,9.99,163
2,1,4/8/2011,98,FALSE,10.99,10.99,163
2,1,10/7/2011,280,FALSE,10.99,10.99,162
2,1,4/30/2010,120,FALSE,9.99,9.99,161
2,1,6/4/2010,155,FALSE,9.99,9.99,159
2,1,6/18/2010,169,FALSE,9.99,9.99,159
2,1,6/25/2010,176,FALSE,9.99,9.99,159
2,1,7/2/2010,183,FALSE,9.99,9.99,159
2,1,9/3/2010,246,FALSE,9.99,9.99,159
2,1,7/9/2010,190,FALSE,9.99,9.99,158
2,1,7/16/2010,197,FALSE,9.99,9.99,158
2,1,3/16/2012,76,FALSE,10.99,10.99,158
2,1,9/28/2012,272,FALSE,10.99,10.99,157
2,1,9/14/2012,258,FALSE,10.99,10.99,153
2,1,8/6/2010,218,FALSE,9.99,9.99,152
2,1,11/12/2010,316,FALSE,9.99,9.99,152
2,1,9/21/2012,265,FALSE,10.99,10.99,152
2,1,7/30/2010,211,FALSE,9.99,9.99,151
2,1,3/11/2011,70,FALSE,10.99,10.99,151
2,1,3/9/2012,69,FALSE,10.99,10.99,151
2,1,4/23/2010,113,FALSE,9.99,9.99,148
2,1,3/4/2011,63,FALSE,10.99,10.99,148
2,1,8/20/2010,232,FALSE,9.99,9.99,147
2,1,1/28/2011,28,FALSE,10.99,10.99,147
2,1,3/18/2011,77,FALSE,10.99,10.99,147
2,1,11/25/2011,329,TRUE,10.99,10.99,147
2,1,3/2/2012,62,FALSE,10.99,10.99,147
2,1,8/31/2012,244,FALSE,10.99,10.99,147
2,1,8/13/2010,225,FALSE,9.99,9.99,146
2,1,9/7/2012,251,TRUE,10.99,10.99,146
2,1,9/30/2011,273,FALSE,10.99,10.99,144
2,1,6/8/2012,160,FALSE,10.99,10.99,143
2,1,8/17/2012,230,FALSE,10.99,10.99,143
2,1,4/16/2010,106,FALSE,9.99,9.99,142
2,1,8/27/2010,239,FALSE,9.99,9.99,142
2,1,4/1/2011,91,FALSE,10.99,10.99,142
2,1,7/23/2010,204,FALSE,9.99,9.99,141
2,1,9/23/2011,266,FALSE,10.99,10.99,140
2,1,9/16/2011,259,FALSE,10.99,10.99,139
2,1,6/15/2012,167,FALSE,10.99,10.99,139
2,1,6/22/2012,174,FALSE,10.99,10.99,139
2,1,7/6/2012,188,FALSE,10.99,10.99,139
2,1,3/25/2011,84,FALSE,10.99,10.99,138
2,1,11/18/2011,322,FALSE,10.99,10.99,138
2,1,9/2/2011,245,FALSE,10.99,10.99,137
2,1,7/20/2012,202,FALSE,10.99,10.99,137
2,1,6/29/2012,181,FALSE,10.99,10.99,136
2,1,1/20/2012,20,FALSE,10.99,10.99,135
2,1,8/10/2012,223,FALSE,10.99,10.99,135
2,1,11/11/2011,315,FALSE,10.99,10.99,134
2,1,7/13/2012,195,FALSE,10.99,10.99,134
2,1,1/21/2011,21,FALSE,10.99,10.99,133
2,1,6/1/2012,153,FALSE,10.99,10.99,133
2,1,7/27/2012,209,FALSE,10.99,10.99,133
2,1,1/27/2012,27,FALSE,10.99,10.99,132
2,1,8/3/2012,216,FALSE,10.99,10.99,132
2,1,8/24/2012,237,FALSE,10.99,10.99,132
2,1,4/20/2012,111,FALSE,10.99,10.99,131
2,1,9/9/2011,252,TRUE,10.99,10.99,130
2,1,6/17/2011,168,FALSE,10.99,10.99,129
2,1,4/27/2012,118,FALSE,10.99,10.99,129
2,1,1/14/2011,14,FALSE,10.99,10.99,128
2,1,6/3/2011,154,FALSE,10.99,10.99,128
2,1,6/10/2011,161,FALSE,10.99,10.99,125
2,1,7/1/2011,182,FALSE,10.99,10.99,125
2,1,8/26/2011,238,FALSE,10.99,10.99,125
2,1,1/13/2012,13,FALSE,10.99,10.99,125
2,1,6/24/2011,175,FALSE,10.99,10.99,124
2,1,8/19/2011,231,FALSE,10.99,10.99,123
2,1,7/8/2011,189,FALSE,10.99,10.99,121
2,1,8/5/2011,217,FALSE,10.99,10.99,121
2,1,7/15/2011,196,FALSE,10.99,10.99,120
2,1,7/29/2011,210,FALSE,10.99,10.99,120
2,1,8/12/2011,224,FALSE,10.99,10.99,119
2,1,1/6/2012,6,FALSE,10.99,10.99,119
2,1,7/22/2011,203,FALSE,10.99,10.99,118
2,1,1/7/2011,7,FALSE,10.99,10.99,110
1,3,7/27/2012,209,FALSE,19.99,10,606
1,3,7/30/2010,211,FALSE,19.99,10,558
1,3,7/20/2012,202,FALSE,19.99,10,537
1,3,7/29/2011,210,FALSE,21.99,11,489
1,3,7/23/2010,204,FALSE,19.99,10,451
1,3,7/22/2011,203,FALSE,21.99,11,368
1,3,7/16/2010,197,FALSE,19.99,10,367
1,3,7/13/2012,195,FALSE,19.99,10,350
1,3,8/27/2010,239,FALSE,19.99,19.99,341
1,3,8/31/2012,244,FALSE,19.99,19.99,338
1,3,8/24/2012,237,FALSE,19.99,19.99,291
1,3,11/26/2010,330,TRUE,19.99,10,285
1,3,8/26/2011,238,FALSE,21.99,21.99,285
1,3,8/20/2010,232,FALSE,19.99,19.99,274
1,3,7/15/2011,196,FALSE,21.99,11,265
1,3,11/5/2010,309,FALSE,19.99,10,262
1,3,11/19/2010,323,FALSE,19.99,10,245
1,3,11/12/2010,316,FALSE,19.99,10,244
1,3,8/19/2011,231,FALSE,21.99,21.99,238
1,3,11/18/2011,322,FALSE,21.99,11,231
1,3,11/11/2011,315,FALSE,21.99,11,228
1,3,7/6/2012,188,FALSE,19.99,10,226
1,3,7/9/2010,190,FALSE,19.99,10,217
1,3,11/25/2011,329,TRUE,21.99,11,213
1,3,8/17/2012,230,FALSE,19.99,19.99,213
1,3,11/4/2011,308,FALSE,21.99,11,211
1,3,7/2/2010,183,FALSE,19.99,10,209
1,3,8/13/2010,225,FALSE,19.99,19.99,204
1,3,8/3/2012,216,FALSE,19.99,19.99,202
1,3,8/10/2012,223,FALSE,19.99,19.99,189
1,3,7/1/2011,182,FALSE,21.99,11,185
1,3,8/12/2011,224,FALSE,21.99,21.99,184
1,3,8/5/2011,217,FALSE,21.99,21.99,179
1,3,8/6/2010,218,FALSE,19.99,19.99,178
1,3,7/8/2011,189,FALSE,21.99,11,169
1,3,9/3/2010,246,FALSE,19.99,19.99,127
1,3,9/7/2012,251,TRUE,19.99,19.99,123
1,3,9/2/2011,245,FALSE,21.99,21.99,112
1,3,9/14/2012,258,FALSE,19.99,19.99,95
1,3,1/6/2012,6,FALSE,19.99,19.99,93
1,3,1/13/2012,13,FALSE,19.99,19.99,92
1,3,2/5/2010,36,FALSE,19.99,19.99,91
1,3,1/7/2011,7,FALSE,21.99,21.99,91
1,3,9/21/2012,265,FALSE,19.99,19.99,89
1,3,9/28/2012,272,FALSE,19.99,19.99,87
1,3,2/3/2012,34,FALSE,19.99,19.99,83
1,3,2/10/2012,41,TRUE,19.99,19.99,83
1,3,3/5/2010,64,FALSE,19.99,19.99,82
1,3,9/10/2010,253,TRUE,19.99,19.99,81
1,3,12/24/2010,358,FALSE,19.99,19.99,81
1,3,12/17/2010,351,FALSE,19.99,19.99,80
1,3,3/9/2012,69,FALSE,19.99,19.99,79
1,3,12/23/2011,357,FALSE,21.99,21.99,78
1,3,1/20/2012,20,FALSE,19.99,19.99,78
1,3,10/5/2012,279,FALSE,19.99,19.99,78
1,3,2/19/2010,50,FALSE,19.99,19.99,77
1,3,1/14/2011,14,FALSE,21.99,21.99,76
1,3,3/2/2012,62,FALSE,19.99,19.99,76
1,3,4/2/2010,92,FALSE,19.99,19.99,75
1,3,12/10/2010,344,FALSE,19.99,19.99,75
1,3,12/16/2011,350,FALSE,21.99,21.99,75
1,3,2/26/2010,57,FALSE,19.99,19.99,74
1,3,12/9/2011,343,FALSE,21.99,21.99,74
1,3,2/12/2010,43,TRUE,19.99,19.99,73
1,3,12/3/2010,337,FALSE,19.99,19.99,73
1,3,9/9/2011,252,TRUE,21.99,21.99,73
1,3,1/21/2011,21,FALSE,21.99,21.99,72
1,3,9/17/2010,260,FALSE,19.99,19.99,71
1,3,1/27/2012,27,FALSE,19.99,19.99,71
1,3,5/4/2012,125,FALSE,19.99,19.99,71
1,3,2/24/2012,55,FALSE,19.99,19.99,70
1,3,10/12/2012,286,FALSE,19.99,19.99,70
1,3,3/26/2010,85,FALSE,19.99,19.99,69
1,3,1/28/2011,28,FALSE,21.99,21.99,69
1,3,5/11/2012,132,FALSE,19.99,19.99,69
1,3,4/9/2010,99,FALSE,19.99,19.99,68
1,3,2/17/2012,48,FALSE,19.99,19.99,68
1,3,3/12/2010,71,FALSE,19.99,19.99,67
1,3,10/8/2010,281,FALSE,19.99,19.99,67
1,3,2/18/2011,49,FALSE,21.99,21.99,67
1,3,10/1/2010,274,FALSE,19.99,19.99,65
1,3,10/15/2010,288,FALSE,19.99,19.99,65
1,3,2/11/2011,42,TRUE,21.99,21.99,65
1,3,5/7/2010,127,FALSE,19.99,19.99,63
1,3,2/4/2011,35,FALSE,21.99,21.99,63
1,3,3/4/2011,63,FALSE,21.99,21.99,63
1,3,10/26/2012,300,FALSE,19.99,19.99,63
1,3,4/30/2010,120,FALSE,19.99,19.99,62
1,3,10/29/2010,302,FALSE,19.99,19.99,62
1,3,4/6/2012,97,FALSE,19.99,19.99,62
1,3,4/16/2010,106,FALSE,19.99,19.99,61
1,3,3/11/2011,70,FALSE,21.99,21.99,61
1,3,3/30/2012,90,FALSE,19.99,19.99,61
1,3,3/19/2010,78,FALSE,19.99,19.99,60
1,3,2/25/2011,56,FALSE,21.99,21.99,60
1,3,9/30/2011,273,FALSE,21.99,21.99,60
1,3,4/23/2010,113,FALSE,19.99,19.99,59
1,3,4/8/2011,98,FALSE,21.99,21.99,59
1,3,5/6/2011,126,FALSE,21.99,21.99,59
1,3,9/16/2011,259,FALSE,21.99,21.99,59
1,3,3/16/2012,76,FALSE,19.99,19.99,59
1,3,10/21/2011,294,FALSE,21.99,21.99,58
1,3,12/2/2011,336,FALSE,21.99,21.99,58
1,3,10/22/2010,295,FALSE,19.99,19.99,57
1,3,10/7/2011,280,FALSE,21.99,21.99,57
1,3,10/14/2011,287,FALSE,21.99,21.99,57
1,3,4/20/2012,111,FALSE,19.99,19.99,57
1,3,4/27/2012,118,FALSE,19.99,19.99,57
1,3,5/18/2012,139,FALSE,19.99,19.99,57
1,3,6/8/2012,160,FALSE,19.99,19.99,57
1,3,10/19/2012,293,FALSE,19.99,19.99,57
1,3,5/28/2010,148,FALSE,19.99,19.99,56
1,3,9/23/2011,266,FALSE,21.99,21.99,56
1,3,6/18/2010,169,FALSE,19.99,19.99,55
1,3,12/31/2010,365,TRUE,19.99,19.99,55
1,3,5/25/2012,146,FALSE,19.99,19.99,55
1,3,9/24/2010,267,FALSE,19.99,19.99,54
1,3,10/28/2011,301,FALSE,21.99,21.99,54
1,3,5/14/2010,134,FALSE,19.99,19.99,53
1,3,6/4/2010,155,FALSE,19.99,19.99,53
1,3,3/23/2012,83,FALSE,19.99,19.99,53
1,3,4/13/2012,104,FALSE,19.99,19.99,53
1,3,6/15/2012,167,FALSE,19.99,19.99,53
1,3,5/21/2010,141,FALSE,19.99,19.99,52
1,3,3/25/2011,84,FALSE,21.99,21.99,52
1,3,6/11/2010,162,FALSE,19.99,19.99,51
1,3,6/3/2011,154,FALSE,21.99,21.99,51
1,3,12/30/2011,364,TRUE,21.99,21.99,51
1,3,6/29/2012,181,FALSE,19.99,19.99,51
1,3,4/1/2011,91,FALSE,21.99,21.99,50
1,3,5/13/2011,133,FALSE,21.99,21.99,50
1,3,4/22/2011,112,FALSE,21.99,21.99,49
1,3,4/29/2011,119,FALSE,21.99,21.99,49
1,3,6/22/2012,174,FALSE,19.99,19.99,49
1,3,6/1/2012,153,FALSE,19.99,19.99,48
1,3,3/18/2011,77,FALSE,21.99,21.99,47
1,3,4/15/2011,105,FALSE,21.99,21.99,47
1,3,5/27/2011,147,FALSE,21.99,21.99,47
1,3,5/20/2011,140,FALSE,21.99,21.99,45
1,3,6/25/2010,176,FALSE,19.99,19.99,44
1,3,6/17/2011,168,FALSE,21.99,21.99,44
1,3,6/10/2011,161,FALSE,21.99,21.99,43
1,3,6/24/2011,175,FALSE,21.99,21.99,35
