static/data/Resources/Sales_Product_Price_by_Store_JFC.csv
Store,Product,Date,Day_of_Year,Is_Holiday,Base Price,Price,Weekly_Units_Sold
1,2,4/8/2011,98,FALSE,5.99,4.01,589
1,2,4/2/2010,92,FALSE,5.99,4.01,577
1,2,7/2/2010,183,FALSE,5.99,4.01,572
1,2,4/1/2011,91,FALSE,5.99,4.01,571
1,2,7/9/2010,190,FALSE,5.99,4.01,568
1,2,4/9/2010,99,FALSE,5.99,4.01,566
1,2,4/22/2011,112,FALSE,5.99,4.01,566
1,2,4/30/2010,120,FALSE,5.99,4.01,559
1,2,7/30/2010,211,FALSE,5.99,4.01,557
1,2,7/1/2011,182,FALSE,5.99,4.01,550
1,2,7/22/2011,203,FALSE,5.99,4.01,549
1,2,4/16/2010,106,FALSE,5.99,4.01,547
1,2,7/23/2010,204,FALSE,5.99,4.01,544
1,2,7/8/2011,189,FALSE,5.99,4.01,543
1,2,4/15/2011,105,FALSE,5.99,4.01,541
1,2,4/23/2010,113,FALSE,5.99,4.01,540
1,2,7/16/2010,197,FALSE,5.99,4.01,539
1,2,4/29/2011,119,FALSE,5.99,4.01,531
1,2,7/15/2011,196,FALSE,5.99,4.01,526
1,2,7/29/2011,210,FALSE,5.99,4.01,525
1,2,4/6/2012,97,FALSE,6.99,4.68,519
1,2,7/6/2012,188,FALSE,6.99,4.68,499
1,2,4/20/2012,111,FALSE,6.99,4.68,457
1,2,4/27/2012,118,FALSE,6.99,4.68,455
1,2,7/20/2012,202,FALSE,6.99,4.68,452
1,2,7/27/2012,209,FALSE,6.99,4.68,451
1,2,7/13/2012,195,FALSE,6.99,4.68,445
1,2,4/13/2012,104,FALSE,6.99,4.68,441
1,2,12/23/2011,357,FALSE,5.99,5.99,437
1,2,12/24/2010,358,FALSE,5.99,5.99,399
1,2,3/4/2011,63,FALSE,5.99,5.99,353
1,2,12/16/2011,350,FALSE,5.99,5.99,341
1,2,2/5/2010,36,FALSE,5.99,5.99,337
1,2,5/6/2011,126,FALSE,5.99,5.99,334
1,2,8/6/2010,218,FALSE,5.99,5.99,333
1,2,10/7/2011,280,FALSE,5.99,5.99,333
1,2,8/20/2010,232,FALSE,5.99,5.99,332
1,2,8/27/2010,239,FALSE,5.99,5.99,331
1,2,12/17/2010,351,FALSE,5.99,5.99,329
1,2,8/5/2011,217,FALSE,5.99,5.99,329
1,2,9/2/2011,245,FALSE,5.99,5.99,329
1,2,12/9/2011,343,FALSE,5.99,5.99,329
1,2,2/18/2011,49,FALSE,5.99,5.99,328
1,2,9/3/2010,246,FALSE,5.99,5.99,327
1,2,6/4/2010,155,FALSE,5.99,5.99,325
1,2,3/5/2010,64,FALSE,5.99,5.99,323
1,2,3/11/2011,70,FALSE,5.99,5.99,323
1,2,2/19/2010,50,FALSE,5.99,5.99,319
1,2,5/7/2010,127,FALSE,5.99,5.99,319
1,2,6/3/2011,154,FALSE,5.99,5.99,319
1,2,8/26/2011,238,FALSE,5.99,5.99,318
1,2,2/11/2011,42,TRUE,5.99,5.99,317
1,2,11/4/2011,308,FALSE,5.99,5.99,315
1,2,6/11/2010,162,FALSE,5.99,5.99,314
1,2,12/10/2010,344,FALSE,5.99,5.99,313
1,2,2/4/2011,35,FALSE,5.99,5.99,312
1,2,10/8/2010,281,FALSE,5.99,5.99,309
1,2,11/5/2010,309,FALSE,5.99,5.99,309
1,2,6/10/2011,161,FALSE,5.99,5.99,309
1,2,8/19/2011,231,FALSE,5.99,5.99,309
1,2,2/25/2011,56,FALSE,5.99,5.99,308
1,2,9/30/2011,273,FALSE,5.99,5.99,307
1,2,12/2/2011,336,FALSE,5.99,5.99,306
1,2,10/1/2010,274,FALSE,5.99,5.99,305
1,2,11/26/2010,330,TRUE,5.99,5.99,305
1,2,8/13/2010,225,FALSE,5.99,5.99,303
1,2,6/25/2010,176,FALSE,5.99,5.99,302
1,2,8/12/2011,224,FALSE,5.99,5.99,302
1,2,9/10/2010,253,TRUE,5.99,5.99,301
1,2,3/18/2011,77,FALSE,5.99,5.99,301
1,2,5/27/2011,147,FALSE,5.99,5.99,301
1,2,11/11/2011,315,FALSE,5.99,5.99,299
1,2,2/3/2012,34,FALSE,6.99,6.99,299
1,2,2/12/2010,43,TRUE,5.99,5.99,298
1,2,9/17/2010,260,FALSE,5.99,5.99,298
1,2,5/28/2010,148,FALSE,5.99,5.99,297
1,2,6/18/2010,169,FALSE,5.99,5.99,296
1,2,12/3/2010,337,FALSE,5.99,5.99,296
1,2,2/26/2010,57,FALSE,5.99,5.99,295
1,2,5/21/2010,141,FALSE,5.99,5.99,295
1,2,3/25/2011,84,FALSE,5.99,5.99,295
1,2,5/13/2011,133,FALSE,5.99,5.99,295
1,2,5/20/2011,140,FALSE,5.99,5.99,295
1,2,11/25/2011,329,TRUE,5.99,5.99,295
1,2,10/29/2010,302,FALSE,5.99,5.99,294
1,2,11/18/2011,322,FALSE,5.99,5.99,293
1,2,3/12/2010,71,FALSE,5.99,5.99,292
1,2,3/19/2010,78,FALSE,5.99,5.99,291
1,2,5/14/2010,134,FALSE,5.99,5.99,291
1,2,12/30/2011,364,TRUE,5.99,5.99,290
1,2,9/9/2011,252,TRUE,5.99,5.99,289
1,2,9/23/2011,266,FALSE,5.99,5.99,289
1,2,10/14/2011,287,FALSE,5.99,5.99,289
1,2,3/2/2012,62,FALSE,6.99,6.99,289
1,2,11/12/2010,316,FALSE,5.99,5.99,288
1,2,1/7/2011,7,FALSE,5.99,5.99,288
1,2,10/15/2010,288,FALSE,5.99,5.99,287
1,2,9/16/2011,259,FALSE,5.99,5.99,287
1,2,6/17/2011,168,FALSE,5.99,5.99,286
1,2,9/24/2010,267,FALSE,5.99,5.99,283
1,2,10/22/2010,295,FALSE,5.99,5.99,283
1,2,6/24/2011,175,FALSE,5.99,5.99,283
1,2,10/21/2011,294,FALSE,5.99,5.99,283
1,2,8/31/2012,244,FALSE,6.99,6.99,280
1,2,3/26/2010,85,FALSE,5.99,5.99,279
1,2,1/28/2011,28,FALSE,5.99,5.99,278
1,2,10/28/2011,301,FALSE,5.99,5.99,278
1,2,2/10/2012,41,TRUE,6.99,6.99,278
1,2,1/21/2011,21,FALSE,5.99,5.99,277
1,2,5/4/2012,125,FALSE,6.99,6.99,277
1,2,11/19/2010,323,FALSE,5.99,5.99,276
1,2,6/8/2012,160,FALSE,6.99,6.99,272
1,2,8/3/2012,216,FALSE,6.99,6.99,272
1,2,3/9/2012,69,FALSE,6.99,6.99,267
1,2,10/5/2012,279,FALSE,6.99,6.99,267
1,2,1/14/2011,14,FALSE,5.99,5.99,266
1,2,6/29/2012,181,FALSE,6.99,6.99,262
1,2,6/1/2012,153,FALSE,6.99,6.99,261
1,2,3/16/2012,76,FALSE,6.99,6.99,260
1,2,9/7/2012,251,TRUE,6.99,6.99,260
1,2,2/24/2012,55,FALSE,6.99,6.99,259
1,2,5/11/2012,132,FALSE,6.99,6.99,257
1,2,6/15/2012,167,FALSE,6.99,6.99,257
1,2,8/10/2012,223,FALSE,6.99,6.99,257
1,2,3/30/2012,90,FALSE,6.99,6.99,256
1,2,8/17/2012,230,FALSE,6.99,6.99,255
1,2,2/17/2012,48,FALSE,6.99,6.99,253
1,2,6/22/2012,174,FALSE,6.99,6.99,253
1,2,5/25/2012,146,FALSE,6.99,6.99,252
1,2,9/28/2012,272,FALSE,6.99,6.99,251
1,2,8/24/2012,237,FALSE,6.99,6.99,247
1,2,3/23/2012,83,FALSE,6.99,6.99,246
1,2,1/6/2012,6,FALSE,6.99,6.99,245
1,2,9/14/2012,258,FALSE,6.99,6.99,245
1,2,5/18/2012,139,FALSE,6.99,6.99,244
1,2,1/20/2012,20,FALSE,6.99,6.99,241
1,2,12/31/2010,365,TRUE,5.99,5.99,239
1,2,9/21/2012,265,FALSE,6.99,6.99,239
1,2,1/13/2012,13,FALSE,6.99,6.99,238
1,2,10/26/2012,300,FALSE,6.99,6.99,237
1,2,10/19/2012,293,FALSE,6.99,6.99,233
1,2,10/12/2012,286,FALSE,6.99,6.99,231
1,2,1/27/2012,27,FALSE,6.99,6.99,229
8,3,7/27/2012,209,FALSE,19.99,10,469
8,3,7/20/2012,202,FALSE,19.99,10,462
8,3,7/16/2010,197,FALSE,19.99,10,421
8,3,7/29/2011,210,FALSE,21.99,11,411
8,3,7/30/2010,211,FALSE,19.99,10,401
8,3,7/22/2011,203,FALSE,21.99,11,371
8,3,7/23/2010,204,FALSE,19.99,10,341
8,3,8/31/2012,244,FALSE,19.99,19.99,333
8,3,8/27/2010,239,FALSE,19.99,19.99,297
8,3,7/13/2012,195,FALSE,19.99,10,294
8,3,8/26/2011,238,FALSE,21.99,21.99,281
8,3,8/24/2012,237,FALSE,19.99,19.99,252
8,3,11/12/2010,316,FALSE,19.99,10,227
8,3,7/15/2011,196,FALSE,21.99,11,223
8,3,11/26/2010,330,TRUE,19.99,10,209
8,3,8/17/2012,230,FALSE,19.99,19.99,209
8,3,8/20/2010,232,FALSE,19.99,19.99,207
8,3,8/19/2011,231,FALSE,21.99,21.99,207
8,3,11/5/2010,309,FALSE,19.99,10,199
8,3,7/9/2010,190,FALSE,19.99,10,193
8,3,11/19/2010,323,FALSE,19.99,10,182
8,3,8/10/2012,223,FALSE,19.99,19.99,172
8,3,11/11/2011,315,FALSE,21.99,11,169
8,3,11/4/2011,308,FALSE,21.99,11,163
8,3,7/6/2012,188,FALSE,19.99,10,160
8,3,8/13/2010,225,FALSE,19.99,19.99,155
8,3,7/8/2011,189,FALSE,21.99,11,152
8,3,11/18/2011,322,FALSE,21.99,11,150
8,3,8/6/2010,218,FALSE,19.99,19.99,149
8,3,8/12/2011,224,FALSE,21.99,21.99,148
8,3,9/3/2010,246,FALSE,19.99,19.99,147
8,3,7/2/2010,183,FALSE,19.99,10,144
8,3,8/5/2011,217,FALSE,21.99,21.99,137
8,3,8/3/2012,216,FALSE,19.99,19.99,137
8,3,11/25/2011,329,TRUE,21.99,11,135
8,3,7/1/2011,182,FALSE,21.99,11,125
8,3,9/2/2011,245,FALSE,21.99,21.99,125
8,3,9/7/2012,251,TRUE,19.99,19.99,97
8,3,1/20/2012,20,FALSE,19.99,19.99,93
8,3,1/21/2011,21,FALSE,21.99,21.99,84
8,3,12/24/2010,358,FALSE,19.99,19.99,76
8,3,12/17/2010,351,FALSE,19.99,19.99,73
8,3,1/27/2012,27,FALSE,19.99,19.99,73
8,3,2/10/2012,41,TRUE,19.99,19.99,73
8,3,12/23/2011,357,FALSE,21.99,21.99,71
8,3,1/6/2012,6,FALSE,19.99,19.99,71
8,3,1/13/2012,13,FALSE,19.99,19.99,71
8,3,2/5/2010,36,FALSE,19.99,19.99,70
8,3,9/10/2010,253,TRUE,19.99,19.99,68
8,3,2/12/2010,43,TRUE,19.99,19.99,66
8,3,1/7/2011,7,FALSE,21.99,21.99,66
8,3,2/17/2012,48,FALSE,19.99,19.99,65
8,3,1/28/2011,28,FALSE,21.99,21.99,64
8,3,9/14/2012,258,FALSE,19.99,19.99,64
8,3,2/3/2012,34,FALSE,19.99,19.99,63
8,3,12/10/2010,344,FALSE,19.99,19.99,61
8,3,12/16/2011,350,FALSE,21.99,21.99,61
8,3,2/24/2012,55,FALSE,19.99,19.99,60
8,3,1/14/2011,14,FALSE,21.99,21.99,59
8,3,9/21/2012,265,FALSE,19.99,19.99,59
8,3,3/5/2010,64,FALSE,19.99,19.99,58
8,3,9/17/2010,260,FALSE,19.99,19.99,57
8,3,3/2/2012,62,FALSE,19.99,19.99,57
8,3,2/11/2011,42,TRUE,21.99,21.99,56
8,3,10/5/2012,279,FALSE,19.99,19.99,56
8,3,2/26/2010,57,FALSE,19.99,19.99,55
8,3,9/9/2011,252,TRUE,21.99,21.99,55
8,3,4/2/2010,92,FALSE,19.99,19.99,54
8,3,4/16/2010,106,FALSE,19.99,19.99,53
8,3,10/1/2010,274,FALSE,19.99,19.99,53
8,3,10/8/2010,281,FALSE,19.99,19.99,53
8,3,9/16/2011,259,FALSE,21.99,21.99,53
8,3,12/9/2011,343,FALSE,21.99,21.99,53
8,3,12/3/2010,337,FALSE,19.99,19.99,52
8,3,4/20/2012,111,FALSE,19.99,19.99,51
8,3,9/28/2012,272,FALSE,19.99,19.99,51
8,3,3/12/2010,71,FALSE,19.99,19.99,49
8,3,10/15/2010,288,FALSE,19.99,19.99,49
8,3,4/1/2011,91,FALSE,21.99,21.99,49
8,3,4/8/2011,98,FALSE,21.99,21.99,49
8,3,10/7/2011,280,FALSE,21.99,21.99,49
8,3,4/6/2012,97,FALSE,19.99,19.99,49
8,3,10/26/2012,300,FALSE,19.99,19.99,49
8,3,2/19/2010,50,FALSE,19.99,19.99,48
8,3,9/24/2010,267,FALSE,19.99,19.99,48
8,3,2/18/2011,49,FALSE,21.99,21.99,48
8,3,3/4/2011,63,FALSE,21.99,21.99,48
8,3,3/26/2010,85,FALSE,19.99,19.99,47
8,3,5/7/2010,127,FALSE,19.99,19.99,47
8,3,10/22/2010,295,FALSE,19.99,19.99,47
8,3,10/29/2010,302,FALSE,19.99,19.99,47
8,3,2/25/2011,56,FALSE,21.99,21.99,47
8,3,9/23/2011,266,FALSE,21.99,21.99,47
8,3,3/30/2012,90,FALSE,19.99,19.99,47
8,3,5/4/2012,125,FALSE,19.99,19.99,47
8,3,4/9/2010,99,FALSE,19.99,19.99,46
8,3,3/9/2012,69,FALSE,19.99,19.99,46
8,3,4/13/2012,104,FALSE,19.99,19.99,46
8,3,4/27/2012,118,FALSE,19.99,19.99,46
8,3,4/15/2011,105,FALSE,21.99,21.99,45
8,3,3/23/2012,83,FALSE,19.99,19.99,45
8,3,10/12/2012,286,FALSE,19.99,19.99,45
8,3,9/30/2011,273,FALSE,21.99,21.99,44
8,3,6/8/2012,160,FALSE,19.99,19.99,44
8,3,4/23/2010,113,FALSE,19.99,19.99,43
8,3,6/4/2010,155,FALSE,19.99,19.99,43
8,3,4/22/2011,112,FALSE,21.99,21.99,43
8,3,5/6/2011,126,FALSE,21.99,21.99,43
8,3,10/14/2011,287,FALSE,21.99,21.99,43
8,3,10/21/2011,294,FALSE,21.99,21.99,43
8,3,5/11/2012,132,FALSE,19.99,19.99,43
8,3,12/31/2010,365,TRUE,19.99,19.99,42
8,3,2/4/2011,35,FALSE,21.99,21.99,42
8,3,12/2/2011,336,FALSE,21.99,21.99,42
8,3,10/19/2012,293,FALSE,19.99,19.99,42
8,3,5/14/2010,134,FALSE,19.99,19.99,41
8,3,6/25/2010,176,FALSE,19.99,19.99,41
8,3,3/11/2011,70,FALSE,21.99,21.99,41
8,3,3/25/2011,84,FALSE,21.99,21.99,41
8,3,4/29/2011,119,FALSE,21.99,21.99,41
8,3,5/20/2011,140,FALSE,21.99,21.99,41
8,3,5/25/2012,146,FALSE,19.99,19.99,41
8,3,4/30/2010,120,FALSE,19.99,19.99,40
8,3,6/3/2011,154,FALSE,21.99,21.99,40
8,3,5/18/2012,139,FALSE,19.99,19.99,40
8,3,5/21/2010,141,FALSE,19.99,19.99,39
8,3,6/18/2010,169,FALSE,19.99,19.99,39
8,3,6/1/2012,153,FALSE,19.99,19.99,39
8,3,5/28/2010,148,FALSE,19.99,19.99,37
8,3,6/11/2010,162,FALSE,19.99,19.99,37
8,3,3/18/2011,77,FALSE,21.99,21.99,37
8,3,5/13/2011,133,FALSE,21.99,21.99,37
8,3,10/28/2011,301,FALSE,21.99,21.99,37
8,3,12/30/2011,364,TRUE,21.99,21.99,37
8,3,3/16/2012,76,FALSE,19.99,19.99,37
8,3,6/15/2012,167,FALSE,19.99,19.99,37
8,3,6/29/2012,181,FALSE,19.99,19.99,37
8,3,5/27/2011,147,FALSE,21.99,21.99,36
8,3,3/19/2010,78,FALSE,19.99,19.99,35
8,3,6/17/2011,168,FALSE,21.99,21.99,35
8,3,6/22/2012,174,FALSE,19.99,19.99,32
8,3,6/10/2011,161,FALSE,21.99,21.99,31
8,3,6/24/2011,175,FALSE,21.99,21.99,31
1,1,2/17/2012,48,FALSE,10.99,8.79,461
1,1,2/12/2010,43,TRUE,9.99,7.99,453
1,1,2/19/2010,50,FALSE,9.99,7.99,409
1,1,2/18/2011,49,FALSE,10.99,8.79,399
1,1,4/2/2010,92,FALSE,9.99,9.99,382
1,1,12/24/2010,358,FALSE,9.99,9.99,373
1,1,4/6/2012,97,FALSE,10.99,10.99,333
1,1,2/11/2011,42,TRUE,10.99,8.79,323
1,1,2/10/2012,41,TRUE,10.99,8.79,315
1,1,12/17/2010,351,FALSE,9.99,9.99,299
1,1,4/22/2011,112,FALSE,10.99,10.99,292
1,1,4/9/2010,99,FALSE,9.99,9.99,287
1,1,12/23/2011,357,FALSE,10.99,10.99,271
1,1,12/16/2011,350,FALSE,10.99,10.99,265
1,1,10/29/2010,302,FALSE,9.99,9.99,257
1,1,2/5/2010,36,FALSE,9.99,7.99,245
1,1,4/29/2011,119,FALSE,10.99,10.99,240
1,1,11/4/2011,308,FALSE,10.99,10.99,231
1,1,11/5/2010,309,FALSE,9.99,9.99,228
1,1,12/10/2010,344,FALSE,9.99,9.99,210
1,1,4/13/2012,104,FALSE,10.99,10.99,201
1,1,2/3/2012,34,FALSE,10.99,8.79,200
1,1,12/9/2011,343,FALSE,10.99,10.99,193
1,1,2/26/2010,57,FALSE,9.99,7.99,191
1,1,5/14/2010,134,FALSE,9.99,7.99,186
1,1,2/4/2011,35,FALSE,10.99,8.79,185
1,1,10/28/2011,301,FALSE,10.99,10.99,183
1,1,10/15/2010,288,FALSE,9.99,9.99,180
1,1,3/26/2010,85,FALSE,9.99,9.99,175
1,1,5/7/2010,127,FALSE,9.99,7.99,171
1,1,5/6/2011,126,FALSE,10.99,8.79,171
1,1,2/24/2012,55,FALSE,10.99,8.79,171
1,1,10/22/2010,295,FALSE,9.99,9.99,170
1,1,3/30/2012,90,FALSE,10.99,10.99,167
1,1,4/15/2011,105,FALSE,10.99,10.99,166
1,1,2/25/2011,56,FALSE,10.99,8.79,165
1,1,5/18/2012,139,FALSE,10.99,8.79,158
1,1,10/26/2012,300,FALSE,10.99,10.99,158
1,1,10/8/2010,281,FALSE,9.99,9.99,156
1,1,5/11/2012,132,FALSE,10.99,8.79,155
1,1,5/28/2010,148,FALSE,9.99,7.99,153
1,1,12/3/2010,337,FALSE,9.99,9.99,150
1,1,3/19/2010,78,FALSE,9.99,9.99,147
1,1,5/13/2011,133,FALSE,10.99,8.79,147
1,1,12/2/2011,336,FALSE,10.99,10.99,146
1,1,5/4/2012,125,FALSE,10.99,8.79,146
1,1,3/5/2010,64,FALSE,9.99,9.99,145
1,1,5/21/2010,141,FALSE,9.99,7.99,145
1,1,5/25/2012,146,FALSE,10.99,8.79,145
1,1,3/12/2010,71,FALSE,9.99,9.99,140
1,1,10/19/2012,293,FALSE,10.99,10.99,140
1,1,4/8/2011,98,FALSE,10.99,10.99,138
1,1,10/21/2011,294,FALSE,10.99,10.99,135
1,1,12/30/2011,364,TRUE,10.99,10.99,135
1,1,10/1/2010,274,FALSE,9.99,9.99,134
1,1,5/27/2011,147,FALSE,10.99,8.79,134
1,1,10/14/2011,287,FALSE,10.99,10.99,133
1,1,11/19/2010,323,FALSE,9.99,9.99,131
1,1,10/12/2012,286,FALSE,10.99,10.99,131
1,1,11/12/2010,316,FALSE,9.99,9.99,130
1,1,9/17/2010,260,FALSE,9.99,9.99,129
1,1,5/20/2011,140,FALSE,10.99,8.79,129
1,1,3/16/2012,76,FALSE,10.99,10.99,129
1,1,3/23/2012,83,FALSE,10.99,10.99,128
1,1,12/31/2010,365,TRUE,9.99,9.99,127
1,1,10/5/2012,279,FALSE,10.99,10.99,127
1,1,11/26/2010,330,TRUE,9.99,9.99,125
1,1,3/11/2011,70,FALSE,10.99,10.99,123
1,1,3/9/2012,69,FALSE,10.99,10.99,122
1,1,9/10/2010,253,TRUE,9.99,9.99,121
1,1,9/24/2010,267,FALSE,9.99,9.99,121
1,1,3/25/2011,84,FALSE,10.99,10.99,121
1,1,11/25/2011,329,TRUE,10.99,10.99,121
1,1,10/7/2011,280,FALSE,10.99,10.99,120
1,1,7/9/2010,190,FALSE,9.99,9.99,118
1,1,4/1/2011,91,FALSE,10.99,10.99,118
1,1,4/16/2010,106,FALSE,9.99,9.99,117
1,1,6/4/2010,155,FALSE,9.99,9.99,117
1,1,8/6/2010,218,FALSE,9.99,9.99,117
1,1,3/4/2011,63,FALSE,10.99,10.99,117
1,1,3/18/2011,77,FALSE,10.99,10.99,117
1,1,3/2/2012,62,FALSE,10.99,10.99,116
1,1,7/16/2010,197,FALSE,9.99,9.99,115
1,1,9/14/2012,258,FALSE,10.99,10.99,113
1,1,4/30/2010,120,FALSE,9.99,9.99,111
1,1,6/11/2010,162,FALSE,9.99,9.99,111
1,1,9/21/2012,265,FALSE,10.99,10.99,111
1,1,11/18/2011,322,FALSE,10.99,10.99,110
1,1,6/25/2010,176,FALSE,9.99,9.99,109
1,1,7/2/2010,183,FALSE,9.99,9.99,109
1,1,9/28/2012,272,FALSE,10.99,10.99,109
1,1,6/18/2010,169,FALSE,9.99,9.99,108
1,1,9/3/2010,246,FALSE,9.99,9.99,108
1,1,11/11/2011,315,FALSE,10.99,10.99,108
1,1,4/23/2010,113,FALSE,9.99,9.99,107
1,1,1/28/2011,28,FALSE,10.99,10.99,107
1,1,9/16/2011,259,FALSE,10.99,10.99,107
1,1,9/30/2011,273,FALSE,10.99,10.99,106
1,1,1/20/2012,20,FALSE,10.99,10.99,106
1,1,1/27/2012,27,FALSE,10.99,10.99,106
1,1,9/7/2012,251,TRUE,10.99,10.99,106
1,1,8/20/2010,232,FALSE,9.99,9.99,105
1,1,8/27/2010,239,FALSE,9.99,9.99,105
1,1,7/23/2010,204,FALSE,9.99,9.99,103
1,1,7/30/2010,211,FALSE,9.99,9.99,103
1,1,8/13/2010,225,FALSE,9.99,9.99,103
1,1,9/9/2011,252,TRUE,10.99,10.99,103
1,1,9/23/2011,266,FALSE,10.99,10.99,103
1,1,7/6/2012,188,FALSE,10.99,10.99,103
1,1,6/8/2012,160,FALSE,10.99,10.99,102
1,1,6/15/2012,167,FALSE,10.99,10.99,101
1,1,1/14/2011,14,FALSE,10.99,10.99,100
1,1,1/21/2011,21,FALSE,10.99,10.99,100
1,1,8/17/2012,230,FALSE,10.99,10.99,100
1,1,4/20/2012,111,FALSE,10.99,10.99,98
1,1,1/13/2012,13,FALSE,10.99,10.99,97
1,1,8/31/2012,244,FALSE,10.99,10.99,97
1,1,1/6/2012,6,FALSE,10.99,10.99,96
1,1,6/22/2012,174,FALSE,10.99,10.99,96
1,1,7/13/2012,195,FALSE,10.99,10.99,96
1,1,8/3/2012,216,FALSE,10.99,10.99,96
1,1,6/3/2011,154,FALSE,10.99,10.99,95
1,1,4/27/2012,118,FALSE,10.99,10.99,95
1,1,7/20/2012,202,FALSE,10.99,10.99,95
1,1,8/24/2012,237,FALSE,10.99,10.99,94
1,1,1/7/2011,7,FALSE,10.99,10.99,93
1,1,7/8/2011,189,FALSE,10.99,10.99,93
1,1,6/1/2012,153,FALSE,10.99,10.99,93
1,1,8/10/2012,223,FALSE,10.99,10.99,93
1,1,6/10/2011,161,FALSE,10.99,10.99,92
1,1,7/29/2011,210,FALSE,10.99,10.99,92
1,1,6/24/2011,175,FALSE,10.99,10.99,91
1,1,7/15/2011,196,FALSE,10.99,10.99,91
1,1,7/22/2011,203,FALSE,10.99,10.99,91
1,1,6/29/2012,181,FALSE,10.99,10.99,91
1,1,7/27/2012,209,FALSE,10.99,10.99,91
1,1,7/1/2011,182,FALSE,10.99,10.99,89
1,1,8/5/2011,217,FALSE,10.99,10.99,89
1,1,9/2/2011,245,FALSE,10.99,10.99,88
1,1,6/17/2011,168,FALSE,10.99,10.99,87
1,1,8/19/2011,231,FALSE,10.99,10.99,85
1,1,8/12/2011,224,FALSE,10.99,10.99,84
1,1,8/26/2011,238,FALSE,10.99,10.99,84
