static/data/Resources/Sales_Product_Price_by_Store_JFC.csv
Store,Product,Date,Day_of_Year,Is_Holiday,Base Price,Price,Weekly_Units_Sold
8,2,4/8/2011,98,FALSE,5.99,4.01,453
8,2,7/1/2011,182,FALSE,5.99,4.01,447
8,2,4/1/2011,91,FALSE,5.99,4.01,445
8,2,4/16/2010,106,FALSE,5.99,4.01,443
8,2,4/22/2011,112,FALSE,5.99,4.01,435
8,2,7/2/2010,183,FALSE,5.99,4.01,433
8,2,7/22/2011,203,FALSE,5.99,4.01,433
8,2,7/8/2011,189,FALSE,5.99,4.01,432
8,2,4/2/2010,92,FALSE,5.99,4.01,430
8,2,4/15/2011,105,FALSE,5.99,4.01,429
8,2,7/29/2011,210,FALSE,5.99,4.01,429
8,2,7/9/2010,190,FALSE,5.99,4.01,428
8,2,7/15/2011,196,FALSE,5.99,4.01,426
8,2,4/9/2010,99,FALSE,5.99,4.01,424
8,2,4/29/2011,119,FALSE,5.99,4.01,423
8,2,7/23/2010,204,FALSE,5.99,4.01,422
8,2,7/30/2010,211,FALSE,5.99,4.01,418
8,2,4/23/2010,113,FALSE,5.99,4.01,414
8,2,7/16/2010,197,FALSE,5.99,4.01,409
8,2,4/30/2010,120,FALSE,5.99,4.01,393
8,2,4/6/2012,97,FALSE,6.99,4.68,373
8,2,7/27/2012,209,FALSE,6.99,4.68,365
8,2,7/6/2012,188,FALSE,6.99,4.68,364
8,2,4/20/2012,111,FALSE,6.99,4.68,354
8,2,7/20/2012,202,FALSE,6.99,4.68,354
8,2,4/27/2012,118,FALSE,6.99,4.68,350
8,2,7/13/2012,195,FALSE,6.99,4.68,341
8,2,4/13/2012,104,FALSE,6.99,4.68,334
8,2,12/23/2011,357,FALSE,5.99,5.99,331
8,2,12/24/2010,358,FALSE,5.99,5.99,324
8,2,2/18/2011,49,FALSE,5.99,5.99,279
8,2,8/26/2011,238,FALSE,5.99,5.99,277
8,2,12/17/2010,351,FALSE,5.99,5.99,268
8,2,9/3/2010,246,FALSE,5.99,5.99,267
8,2,8/27/2010,239,FALSE,5.99,5.99,263
8,2,9/2/2011,245,FALSE,5.99,5.99,263
8,2,10/7/2011,280,FALSE,5.99,5.99,259
8,2,11/5/2010,309,FALSE,5.99,5.99,258
8,2,2/19/2010,50,FALSE,5.99,5.99,256
8,2,2/25/2011,56,FALSE,5.99,5.99,253
8,2,2/5/2010,36,FALSE,5.99,5.99,251
8,2,3/4/2011,63,FALSE,5.99,5.99,251
8,2,5/6/2011,126,FALSE,5.99,5.99,251
8,2,8/5/2011,217,FALSE,5.99,5.99,249
8,2,12/16/2011,350,FALSE,5.99,5.99,249
8,2,8/19/2011,231,FALSE,5.99,5.99,248
8,2,12/10/2010,344,FALSE,5.99,5.99,247
8,2,2/11/2011,42,TRUE,5.99,5.99,247
8,2,10/1/2010,274,FALSE,5.99,5.99,245
8,2,5/7/2010,127,FALSE,5.99,5.99,244
8,2,6/3/2011,154,FALSE,5.99,5.99,244
8,2,3/5/2010,64,FALSE,5.99,5.99,243
8,2,3/11/2011,70,FALSE,5.99,5.99,242
8,2,10/8/2010,281,FALSE,5.99,5.99,241
8,2,11/26/2010,330,TRUE,5.99,5.99,241
8,2,11/4/2011,308,FALSE,5.99,5.99,241
8,2,8/6/2010,218,FALSE,5.99,5.99,239
8,2,6/4/2010,155,FALSE,5.99,5.99,238
8,2,8/20/2010,232,FALSE,5.99,5.99,237
8,2,11/12/2010,316,FALSE,5.99,5.99,237
8,2,6/17/2011,168,FALSE,5.99,5.99,237
8,2,1/21/2011,21,FALSE,5.99,5.99,236
8,2,2/12/2010,43,TRUE,5.99,5.99,235
8,2,9/17/2010,260,FALSE,5.99,5.99,235
8,2,6/10/2011,161,FALSE,5.99,5.99,235
8,2,10/21/2011,294,FALSE,5.99,5.99,235
8,2,11/18/2011,322,FALSE,5.99,5.99,235
8,2,5/28/2010,148,FALSE,5.99,5.99,234
8,2,6/24/2011,175,FALSE,5.99,5.99,234
8,2,9/30/2011,273,FALSE,5.99,5.99,234
8,2,2/26/2010,57,FALSE,5.99,5.99,233
8,2,6/11/2010,162,FALSE,5.99,5.99,233
8,2,9/10/2010,253,TRUE,5.99,5.99,233
8,2,2/4/2011,35,FALSE,5.99,5.99,233
8,2,5/20/2011,140,FALSE,5.99,5.99,233
8,2,8/12/2011,224,FALSE,5.99,5.99,233
8,2,12/3/2010,337,FALSE,5.99,5.99,232
8,2,9/16/2011,259,FALSE,5.99,5.99,230
8,2,12/2/2011,336,FALSE,5.99,5.99,230
8,2,9/23/2011,266,FALSE,5.99,5.99,229
8,2,11/25/2011,329,TRUE,5.99,5.99,229
8,2,12/9/2011,343,FALSE,5.99,5.99,229
8,2,11/11/2011,315,FALSE,5.99,5.99,228
8,2,8/31/2012,244,FALSE,6.99,6.99,228
8,2,3/12/2010,71,FALSE,5.99,5.99,227
8,2,5/21/2010,141,FALSE,5.99,5.99,227
8,2,8/13/2010,225,FALSE,5.99,5.99,227
8,2,10/22/2010,295,FALSE,5.99,5.99,227
8,2,5/27/2011,147,FALSE,5.99,5.99,227
8,2,10/14/2011,287,FALSE,5.99,5.99,227
8,2,6/25/2010,176,FALSE,5.99,5.99,226
8,2,2/3/2012,34,FALSE,6.99,6.99,226
8,2,10/15/2010,288,FALSE,5.99,5.99,225
8,2,1/7/2011,7,FALSE,5.99,5.99,225
8,2,1/28/2011,28,FALSE,5.99,5.99,225
8,2,3/18/2011,77,FALSE,5.99,5.99,224
8,2,3/2/2012,62,FALSE,6.99,6.99,224
8,2,6/18/2010,169,FALSE,5.99,5.99,223
8,2,10/29/2010,302,FALSE,5.99,5.99,223
8,2,9/9/2011,252,TRUE,5.99,5.99,222
8,2,10/28/2011,301,FALSE,5.99,5.99,222
8,2,3/19/2010,78,FALSE,5.99,5.99,221
8,2,9/24/2010,267,FALSE,5.99,5.99,221
8,2,3/25/2011,84,FALSE,5.99,5.99,221
8,2,3/9/2012,69,FALSE,6.99,6.99,221
8,2,5/13/2011,133,FALSE,5.99,5.99,219
8,2,2/24/2012,55,FALSE,6.99,6.99,218
8,2,11/19/2010,323,FALSE,5.99,5.99,217
8,2,1/14/2011,14,FALSE,5.99,5.99,213
8,2,8/24/2012,237,FALSE,6.99,6.99,211
8,2,5/14/2010,134,FALSE,5.99,5.99,209
8,2,2/17/2012,48,FALSE,6.99,6.99,209
8,2,10/5/2012,279,FALSE,6.99,6.99,209
8,2,12/30/2011,364,TRUE,5.99,5.99,208
8,2,5/4/2012,125,FALSE,6.99,6.99,207
8,2,9/7/2012,251,TRUE,6.99,6.99,206
8,2,3/26/2010,85,FALSE,5.99,5.99,204
8,2,2/10/2012,41,TRUE,6.99,6.99,204
8,2,6/22/2012,174,FALSE,6.99,6.99,204
8,2,3/30/2012,90,FALSE,6.99,6.99,200
8,2,6/8/2012,160,FALSE,6.99,6.99,198
8,2,8/3/2012,216,FALSE,6.99,6.99,198
8,2,3/23/2012,83,FALSE,6.99,6.99,197
8,2,10/19/2012,293,FALSE,6.99,6.99,197
8,2,1/20/2012,20,FALSE,6.99,6.99,196
8,2,8/10/2012,223,FALSE,6.99,6.99,196
8,2,6/1/2012,153,FALSE,6.99,6.99,195
8,2,6/15/2012,167,FALSE,6.99,6.99,195
8,2,6/29/2012,181,FALSE,6.99,6.99,193
8,2,8/17/2012,230,FALSE,6.99,6.99,193
8,2,3/16/2012,76,FALSE,6.99,6.99,192
8,2,9/14/2012,258,FALSE,6.99,6.99,192
8,2,12/31/2010,365,TRUE,5.99,5.99,191
8,2,9/28/2012,272,FALSE,6.99,6.99,190
8,2,5/11/2012,132,FALSE,6.99,6.99,189
8,2,5/25/2012,146,FALSE,6.99,6.99,189
8,2,1/6/2012,6,FALSE,6.99,6.99,187
8,2,10/12/2012,286,FALSE,6.99,6.99,185
8,2,5/18/2012,139,FALSE,6.99,6.99,184
8,2,1/27/2012,27,FALSE,6.99,6.99,182
8,2,9/21/2012,265,FALSE,6.99,6.99,182
8,2,10/26/2012,300,FALSE,6.99,6.99,181
8,2,1/13/2012,13,FALSE,6.99,6.99,180
6,1,2/12/2010,43,TRUE,9.99,7.99,430
6,1,2/17/2012,48,FALSE,10.99,8.79,418
6,1,4/2/2010,92,FALSE,9.99,9.99,417
6,1,12/24/2010,358,FALSE,9.99,9.99,385
6,1,2/19/2010,50,FALSE,9.99,7.99,341
6,1,12/17/2010,351,FALSE,9.99,9.99,340
6,1,4/6/2012,97,FALSE,10.99,10.99,331
6,1,12/23/2011,357,FALSE,10.99,10.99,329
6,1,2/18/2011,49,FALSE,10.99,8.79,327
6,1,4/22/2011,112,FALSE,10.99,10.99,316
6,1,12/16/2011,350,FALSE,10.99,10.99,299
6,1,4/9/2010,99,FALSE,9.99,9.99,298
6,1,2/11/2011,42,TRUE,10.99,8.79,279
6,1,2/10/2012,41,TRUE,10.99,8.79,271
6,1,2/5/2010,36,FALSE,9.99,7.99,252
6,1,10/29/2010,302,FALSE,9.99,9.99,252
6,1,4/13/2012,104,FALSE,10.99,10.99,249
6,1,12/10/2010,344,FALSE,9.99,9.99,242
6,1,4/29/2011,119,FALSE,10.99,10.99,239
6,1,11/4/2011,308,FALSE,10.99,10.99,237
6,1,11/5/2010,309,FALSE,9.99,9.99,231
6,1,12/9/2011,343,FALSE,10.99,10.99,214
6,1,10/28/2011,301,FALSE,10.99,10.99,213
6,1,5/14/2010,134,FALSE,9.99,7.99,202
6,1,5/7/2010,127,FALSE,9.99,7.99,197
6,1,10/22/2010,295,FALSE,9.99,9.99,196
6,1,2/26/2010,57,FALSE,9.99,7.99,195
6,1,2/3/2012,34,FALSE,10.99,8.79,195
6,1,5/28/2010,148,FALSE,9.99,7.99,194
6,1,3/26/2010,85,FALSE,9.99,9.99,189
6,1,2/4/2011,35,FALSE,10.99,8.79,181
6,1,3/19/2010,78,FALSE,9.99,9.99,179
6,1,10/26/2012,300,FALSE,10.99,10.99,177
6,1,5/21/2010,141,FALSE,9.99,7.99,175
6,1,3/30/2012,90,FALSE,10.99,10.99,173
6,1,10/15/2010,288,FALSE,9.99,9.99,169
6,1,5/25/2012,146,FALSE,10.99,8.79,168
6,1,5/18/2012,139,FALSE,10.99,8.79,167
6,1,12/3/2010,337,FALSE,9.99,9.99,166
6,1,10/21/2011,294,FALSE,10.99,10.99,163
6,1,2/24/2012,55,FALSE,10.99,8.79,163
6,1,3/12/2010,71,FALSE,9.99,9.99,161
6,1,10/19/2012,293,FALSE,10.99,10.99,160
6,1,12/2/2011,336,FALSE,10.99,10.99,159
6,1,5/11/2012,132,FALSE,10.99,8.79,158
6,1,5/4/2012,125,FALSE,10.99,8.79,157
6,1,4/15/2011,105,FALSE,10.99,10.99,155
6,1,5/6/2011,126,FALSE,10.99,8.79,154
6,1,3/5/2010,64,FALSE,9.99,9.99,152
6,1,10/8/2010,281,FALSE,9.99,9.99,151
6,1,3/23/2012,83,FALSE,10.99,10.99,149
6,1,12/30/2011,364,TRUE,10.99,10.99,147
6,1,6/18/2010,169,FALSE,9.99,9.99,145
6,1,3/16/2012,76,FALSE,10.99,10.99,145
6,1,6/11/2010,162,FALSE,9.99,9.99,143
6,1,7/2/2010,183,FALSE,9.99,9.99,143
6,1,7/16/2010,197,FALSE,9.99,9.99,142
6,1,8/6/2010,218,FALSE,9.99,9.99,141
6,1,5/27/2011,147,FALSE,10.99,8.79,141
6,1,6/25/2010,176,FALSE,9.99,9.99,140
6,1,6/4/2010,155,FALSE,9.99,9.99,139
6,1,7/9/2010,190,FALSE,9.99,9.99,139
6,1,10/14/2011,287,FALSE,10.99,10.99,139
6,1,10/12/2012,286,FALSE,10.99,10.99,139
6,1,2/25/2011,56,FALSE,10.99,8.79,137
6,1,11/26/2010,330,TRUE,9.99,9.99,136
6,1,7/30/2010,211,FALSE,9.99,9.99,135
6,1,4/8/2011,98,FALSE,10.99,10.99,135
6,1,5/20/2011,140,FALSE,10.99,8.79,135
6,1,4/16/2010,106,FALSE,9.99,9.99,134
6,1,9/10/2010,253,TRUE,9.99,9.99,133
6,1,11/12/2010,316,FALSE,9.99,9.99,133
6,1,11/19/2010,323,FALSE,9.99,9.99,133
6,1,5/13/2011,133,FALSE,10.99,8.79,133
6,1,7/6/2012,188,FALSE,10.99,10.99,133
6,1,12/31/2010,365,TRUE,9.99,9.99,131
6,1,4/23/2010,113,FALSE,9.99,9.99,129
6,1,8/13/2010,225,FALSE,9.99,9.99,129
6,1,9/3/2010,246,FALSE,9.99,9.99,129
6,1,10/7/2011,280,FALSE,10.99,10.99,129
6,1,7/23/2010,204,FALSE,9.99,9.99,128
6,1,10/1/2010,274,FALSE,9.99,9.99,127
6,1,10/5/2012,279,FALSE,10.99,10.99,127
6,1,11/25/2011,329,TRUE,10.99,10.99,126
6,1,4/30/2010,120,FALSE,9.99,9.99,124
6,1,4/1/2011,91,FALSE,10.99,10.99,123
6,1,3/9/2012,69,FALSE,10.99,10.99,121
6,1,8/20/2010,232,FALSE,9.99,9.99,120
6,1,8/27/2010,239,FALSE,9.99,9.99,119
6,1,9/17/2010,260,FALSE,9.99,9.99,119
6,1,9/24/2010,267,FALSE,9.99,9.99,119
6,1,7/13/2012,195,FALSE,10.99,10.99,119
6,1,11/18/2011,322,FALSE,10.99,10.99,118
6,1,3/18/2011,77,FALSE,10.99,10.99,117
6,1,6/15/2012,167,FALSE,10.99,10.99,117
6,1,6/29/2012,181,FALSE,10.99,10.99,117
6,1,9/30/2011,273,FALSE,10.99,10.99,115
6,1,6/8/2012,160,FALSE,10.99,10.99,115
6,1,6/22/2012,174,FALSE,10.99,10.99,115
6,1,7/1/2011,182,FALSE,10.99,10.99,113
6,1,7/8/2011,189,FALSE,10.99,10.99,113
6,1,7/20/2012,202,FALSE,10.99,10.99,113
6,1,6/24/2011,175,FALSE,10.99,10.99,112
6,1,1/27/2012,27,FALSE,10.99,10.99,112
6,1,3/2/2012,62,FALSE,10.99,10.99,112
6,1,6/1/2012,153,FALSE,10.99,10.99,111
6,1,9/21/2012,265,FALSE,10.99,10.99,111
6,1,7/15/2011,196,FALSE,10.99,10.99,110
6,1,9/14/2012,258,FALSE,10.99,10.99,109
6,1,3/11/2011,70,FALSE,10.99,10.99,107
6,1,8/5/2011,217,FALSE,10.99,10.99,107
6,1,9/9/2011,252,TRUE,10.99,10.99,107
6,1,8/3/2012,216,FALSE,10.99,10.99,107
6,1,9/7/2012,251,TRUE,10.99,10.99,107
6,1,9/28/2012,272,FALSE,10.99,10.99,106
6,1,3/25/2011,84,FALSE,10.99,10.99,105
6,1,6/10/2011,161,FALSE,10.99,10.99,105
6,1,9/16/2011,259,FALSE,10.99,10.99,105
6,1,1/20/2012,20,FALSE,10.99,10.99,105
6,1,9/23/2011,266,FALSE,10.99,10.99,104
6,1,6/3/2011,154,FALSE,10.99,10.99,103
6,1,7/22/2011,203,FALSE,10.99,10.99,103
6,1,11/11/2011,315,FALSE,10.99,10.99,103
6,1,8/19/2011,231,FALSE,10.99,10.99,101
6,1,1/13/2012,13,FALSE,10.99,10.99,101
6,1,4/20/2012,111,FALSE,10.99,10.99,100
6,1,1/28/2011,28,FALSE,10.99,10.99,99
6,1,6/17/2011,168,FALSE,10.99,10.99,99
6,1,9/2/2011,245,FALSE,10.99,10.99,99
6,1,7/27/2012,209,FALSE,10.99,10.99,99
6,1,8/17/2012,230,FALSE,10.99,10.99,99
6,1,8/31/2012,244,FALSE,10.99,10.99,99
6,1,3/4/2011,63,FALSE,10.99,10.99,97
6,1,7/29/2011,210,FALSE,10.99,10.99,97
6,1,8/12/2011,224,FALSE,10.99,10.99,97
6,1,8/10/2012,223,FALSE,10.99,10.99,97
6,1,1/21/2011,21,FALSE,10.99,10.99,95
6,1,8/24/2012,237,FALSE,10.99,10.99,95
6,1,4/27/2012,118,FALSE,10.99,10.99,93
6,1,8/26/2011,238,FALSE,10.99,10.99,91
6,1,1/6/2012,6,FALSE,10.99,10.99,91
6,1,1/14/2011,14,FALSE,10.99,10.99,86
6,1,1/7/2011,7,FALSE,10.99,10.99,81
8,1,2/17/2012,48,FALSE,10.99,8.79,412
8,1,2/12/2010,43,TRUE,9.99,7.99,337
8,1,2/18/2011,49,FALSE,10.99,8.79,300
8,1,4/2/2010,92,FALSE,9.99,9.99,247
8,1,2/11/2011,42,TRUE,10.99,8.79,239
8,1,12/17/2010,351,FALSE,9.99,9.99,225
8,1,4/6/2012,97,FALSE,10.99,10.99,225
8,1,2/19/2010,50,FALSE,9.99,7.99,219
8,1,12/23/2011,357,FALSE,10.99,10.99,212
8,1,11/4/2011,308,FALSE,10.99,10.99,208
8,1,12/24/2010,358,FALSE,9.99,9.99,201
8,1,2/10/2012,41,TRUE,10.99,8.79,198
8,1,4/22/2011,112,FALSE,10.99,10.99,194
8,1,10/29/2010,302,FALSE,9.99,9.99,193
8,1,4/9/2010,99,FALSE,9.99,9.99,169
8,1,12/16/2011,350,FALSE,10.99,10.99,168
8,1,11/5/2010,309,FALSE,9.99,9.99,163
8,1,2/5/2010,36,FALSE,9.99,7.99,159
8,1,12/10/2010,344,FALSE,9.99,9.99,147
8,1,4/13/2012,104,FALSE,10.99,10.99,147
8,1,10/28/2011,301,FALSE,10.99,10.99,142
8,1,4/29/2011,119,FALSE,10.99,10.99,131
8,1,10/22/2010,295,FALSE,9.99,9.99,128
8,1,2/3/2012,34,FALSE,10.99,8.79,125
8,1,10/26/2012,300,FALSE,10.99,10.99,125
8,1,2/4/2011,35,FALSE,10.99,8.79,123
8,1,12/9/2011,343,FALSE,10.99,10.99,119
8,1,10/8/2010,281,FALSE,9.99,9.99,117
8,1,2/26/2010,57,FALSE,9.99,7.99,115
8,1,5/14/2010,134,FALSE,9.99,7.99,115
8,1,2/24/2012,55,FALSE,10.99,8.79,115
8,1,5/7/2010,127,FALSE,9.99,7.99,111
8,1,10/15/2010,288,FALSE,9.99,9.99,111
8,1,12/3/2010,337,FALSE,9.99,9.99,111
8,1,3/30/2012,90,FALSE,10.99,10.99,110
8,1,4/15/2011,105,FALSE,10.99,10.99,107
8,1,3/26/2010,85,FALSE,9.99,9.99,105
8,1,2/25/2011,56,FALSE,10.99,8.79,105
8,1,10/1/2010,274,FALSE,9.99,9.99,104
8,1,5/21/2010,141,FALSE,9.99,7.99,103
8,1,5/28/2010,148,FALSE,9.99,7.99,103
8,1,10/21/2011,294,FALSE,10.99,10.99,102
8,1,10/19/2012,293,FALSE,10.99,10.99,102
8,1,10/14/2011,287,FALSE,10.99,10.99,96
8,1,10/12/2012,286,FALSE,10.99,10.99,94
8,1,9/24/2010,267,FALSE,9.99,9.99,93
8,1,4/8/2011,98,FALSE,10.99,10.99,92
8,1,12/30/2011,364,TRUE,10.99,10.99,92
8,1,9/17/2010,260,FALSE,9.99,9.99,91
8,1,12/2/2011,336,FALSE,10.99,10.99,90
8,1,11/26/2010,330,TRUE,9.99,9.99,89
8,1,5/6/2011,126,FALSE,10.99,8.79,89
8,1,10/7/2011,280,FALSE,10.99,10.99,89
8,1,5/18/2012,139,FALSE,10.99,8.79,88
8,1,10/5/2012,279,FALSE,10.99,10.99,88
8,1,3/5/2010,64,FALSE,9.99,9.99,87
8,1,5/11/2012,132,FALSE,10.99,8.79,87
8,1,9/28/2012,272,FALSE,10.99,10.99,84
8,1,3/19/2010,78,FALSE,9.99,9.99,83
8,1,5/13/2011,133,FALSE,10.99,8.79,83
8,1,3/23/2012,83,FALSE,10.99,10.99,83
8,1,5/4/2012,125,FALSE,10.99,8.79,83
8,1,3/12/2010,71,FALSE,9.99,9.99,82
8,1,9/10/2010,253,TRUE,9.99,9.99,81
8,1,1/27/2012,27,FALSE,10.99,10.99,81
8,1,11/19/2010,323,FALSE,9.99,9.99,79
8,1,4/1/2011,91,FALSE,10.99,10.99,79
8,1,9/16/2011,259,FALSE,10.99,10.99,79
8,1,3/11/2011,70,FALSE,10.99,10.99,78
8,1,5/25/2012,146,FALSE,10.99,8.79,78
8,1,9/14/2012,258,FALSE,10.99,10.99,78
8,1,11/12/2010,316,FALSE,9.99,9.99,77
8,1,3/4/2011,63,FALSE,10.99,10.99,77
8,1,3/18/2011,77,FALSE,10.99,10.99,77
8,1,3/25/2011,84,FALSE,10.99,10.99,77
8,1,9/23/2011,266,FALSE,10.99,10.99,77
8,1,9/21/2012,265,FALSE,10.99,10.99,77
8,1,3/9/2012,69,FALSE,10.99,10.99,76
8,1,9/3/2010,246,FALSE,9.99,9.99,75
8,1,1/28/2011,28,FALSE,10.99,10.99,75
8,1,9/30/2011,273,FALSE,10.99,10.99,75
8,1,3/2/2012,62,FALSE,10.99,10.99,75
8,1,3/16/2012,76,FALSE,10.99,10.99,75
8,1,7/2/2010,183,FALSE,9.99,9.99,73
8,1,7/9/2010,190,FALSE,9.99,9.99,73
8,1,5/20/2011,140,FALSE,10.99,8.79,73
8,1,11/11/2011,315,FALSE,10.99,10.99,73
8,1,1/20/2012,20,FALSE,10.99,10.99,73
8,1,6/4/2010,155,FALSE,9.99,9.99,72
8,1,11/25/2011,329,TRUE,10.99,10.99,72
8,1,6/11/2010,162,FALSE,9.99,9.99,71
8,1,6/18/2010,169,FALSE,9.99,9.99,71
8,1,6/25/2010,176,FALSE,9.99,9.99,71
8,1,1/14/2011,14,FALSE,10.99,10.99,71
8,1,1/21/2011,21,FALSE,10.99,10.99,71
8,1,4/30/2010,120,FALSE,9.99,9.99,70
8,1,1/13/2012,13,FALSE,10.99,10.99,70
8,1,8/6/2010,218,FALSE,9.99,9.99,69
8,1,8/13/2010,225,FALSE,9.99,9.99,69
8,1,5/27/2011,147,FALSE,10.99,8.79,69
8,1,7/16/2010,197,FALSE,9.99,9.99,68
8,1,8/20/2010,232,FALSE,9.99,9.99,68
8,1,12/31/2010,365,TRUE,9.99,9.99,68
8,1,4/16/2010,106,FALSE,9.99,9.99,67
8,1,8/27/2010,239,FALSE,9.99,9.99,67
8,1,4/23/2010,113,FALSE,9.99,9.99,65
8,1,9/2/2011,245,FALSE,10.99,10.99,65
8,1,9/9/2011,252,TRUE,10.99,10.99,65
8,1,11/18/2011,322,FALSE,10.99,10.99,64
8,1,7/23/2010,204,FALSE,9.99,9.99,63
8,1,1/6/2012,6,FALSE,10.99,10.99,63
8,1,9/7/2012,251,TRUE,10.99,10.99,63
8,1,7/30/2010,211,FALSE,9.99,9.99,62
8,1,4/20/2012,111,FALSE,10.99,10.99,60
8,1,7/29/2011,210,FALSE,10.99,10.99,59
8,1,8/5/2011,217,FALSE,10.99,10.99,59
8,1,8/12/2011,224,FALSE,10.99,10.99,59
8,1,8/3/2012,216,FALSE,10.99,10.99,59
8,1,8/31/2012,244,FALSE,10.99,10.99,59
8,1,8/19/2011,231,FALSE,10.99,10.99,57
8,1,6/15/2012,167,FALSE,10.99,10.99,57
8,1,6/22/2012,174,FALSE,10.99,10.99,57
8,1,7/6/2012,188,FALSE,10.99,10.99,57
8,1,7/13/2012,195,FALSE,10.99,10.99,57
8,1,8/10/2012,223,FALSE,10.99,10.99,57
8,1,8/17/2012,230,FALSE,10.99,10.99,57
8,1,6/1/2012,153,FALSE,10.99,10.99,56
8,1,6/8/2012,160,FALSE,10.99,10.99,56
8,1,7/15/2011,196,FALSE,10.99,10.99,55
8,1,6/17/2011,168,FALSE,10.99,10.99,54
8,1,7/20/2012,202,FALSE,10.99,10.99,54
8,1,7/27/2012,209,FALSE,10.99,10.99,54
8,1,8/24/2012,237,FALSE,10.99,10.99,54
8,1,1/7/2011,7,FALSE,10.99,10.99,53
8,1,6/3/2011,154,FALSE,10.99,10.99,53
8,1,7/8/2011,189,FALSE,10.99,10.99,53
8,1,4/27/2012,118,FALSE,10.99,10.99,52
8,1,7/1/2011,182,FALSE,10.99,10.99,50
8,1,6/10/2011,161,FALSE,10.99,10.99,49
8,1,8/26/2011,238,FALSE,10.99,10.99,49
8,1,7/22/2011,203,FALSE,10.99,10.99,48
8,1,6/29/2012,181,FALSE,10.99,10.99,48
8,1,6/24/2011,175,FALSE,10.99,10.99,47
