static/data/Resources/Sales_Product_Price_by_Store_JFC.csv
Store,Product,Date,Day_of_Year,Is_Holiday,Base Price,Price,Weekly_Units_Sold
7,2,7/8/2011,189,FALSE,5.99,4.01,359
7,2,7/29/2011,210,FALSE,5.99,4.01,334
7,2,7/6/2012,188,FALSE,6.99,4.68,325
7,2,7/22/2011,203,FALSE,5.99,4.01,321
7,2,7/15/2011,196,FALSE,5.99,4.01,315
7,2,7/1/2011,182,FALSE,5.99,4.01,307
7,2,7/13/2012,195,FALSE,6.99,4.68,307
7,2,4/2/2010,92,FALSE,5.99,4.01,306
7,2,7/30/2010,211,FALSE,5.99,4.01,299
7,2,7/23/2010,204,FALSE,5.99,4.01,295
7,2,7/9/2010,190,FALSE,5.99,4.01,291
7,2,7/20/2012,202,FALSE,6.99,4.68,289
7,2,7/27/2012,209,FALSE,6.99,4.68,281
7,2,7/16/2010,197,FALSE,5.99,4.01,277
7,2,4/8/2011,98,FALSE,5.99,4.01,271
7,2,4/6/2012,97,FALSE,6.99,4.68,268
7,2,4/1/2011,91,FALSE,5.99,4.01,266
7,2,12/23/2011,357,FALSE,5.99,5.99,261
7,2,4/9/2010,99,FALSE,5.99,4.01,255
7,2,7/2/2010,183,FALSE,5.99,4.01,255
7,2,4/22/2011,112,FALSE,5.99,4.01,249
7,2,4/16/2010,106,FALSE,5.99,4.01,227
7,2,12/24/2010,358,FALSE,5.99,5.99,225
7,2,4/29/2011,119,FALSE,5.99,4.01,225
7,2,12/30/2011,364,TRUE,5.99,5.99,220
7,2,4/13/2012,104,FALSE,6.99,4.68,219
7,2,4/23/2010,113,FALSE,5.99,4.01,215
7,2,4/15/2011,105,FALSE,5.99,4.01,213
7,2,4/30/2010,120,FALSE,5.99,4.01,203
7,2,4/20/2012,111,FALSE,6.99,4.68,197
7,2,4/27/2012,118,FALSE,6.99,4.68,194
7,2,12/31/2010,365,TRUE,5.99,5.99,183
7,2,8/19/2011,231,FALSE,5.99,5.99,183
7,2,8/6/2010,218,FALSE,5.99,5.99,177
7,2,1/7/2011,7,FALSE,5.99,5.99,175
7,2,8/5/2011,217,FALSE,5.99,5.99,175
7,2,8/12/2011,224,FALSE,5.99,5.99,175
7,2,12/16/2011,350,FALSE,5.99,5.99,171
7,2,3/18/2011,77,FALSE,5.99,5.99,168
7,2,8/26/2011,238,FALSE,5.99,5.99,166
7,2,3/19/2010,78,FALSE,5.99,5.99,165
7,2,3/4/2011,63,FALSE,5.99,5.99,163
7,2,8/20/2010,232,FALSE,5.99,5.99,162
7,2,3/25/2011,84,FALSE,5.99,5.99,162
7,2,12/17/2010,351,FALSE,5.99,5.99,161
7,2,6/24/2011,175,FALSE,5.99,5.99,161
7,2,11/25/2011,329,TRUE,5.99,5.99,161
7,2,1/6/2012,6,FALSE,6.99,6.99,161
7,2,8/13/2010,225,FALSE,5.99,5.99,160
7,2,3/26/2010,85,FALSE,5.99,5.99,159
7,2,9/2/2011,245,FALSE,5.99,5.99,159
7,2,3/11/2011,70,FALSE,5.99,5.99,157
7,2,2/25/2011,56,FALSE,5.99,5.99,155
7,2,8/3/2012,216,FALSE,6.99,6.99,155
7,2,2/18/2011,49,FALSE,5.99,5.99,154
7,2,9/9/2011,252,TRUE,5.99,5.99,154
7,2,12/9/2011,343,FALSE,5.99,5.99,154
7,2,8/10/2012,223,FALSE,6.99,6.99,154
7,2,1/14/2011,14,FALSE,5.99,5.99,153
7,2,3/23/2012,83,FALSE,6.99,6.99,152
7,2,6/29/2012,181,FALSE,6.99,6.99,151
7,2,8/27/2010,239,FALSE,5.99,5.99,149
7,2,9/10/2010,253,TRUE,5.99,5.99,149
7,2,3/16/2012,76,FALSE,6.99,6.99,149
7,2,11/26/2010,330,TRUE,5.99,5.99,147
7,2,2/11/2011,42,TRUE,5.99,5.99,147
7,2,2/19/2010,50,FALSE,5.99,5.99,146
7,2,1/21/2011,21,FALSE,5.99,5.99,146
7,2,2/26/2010,57,FALSE,5.99,5.99,145
7,2,9/3/2010,246,FALSE,5.99,5.99,145
7,2,12/10/2010,344,FALSE,5.99,5.99,145
7,2,1/28/2011,28,FALSE,5.99,5.99,145
7,2,8/17/2012,230,FALSE,6.99,6.99,145
7,2,8/24/2012,237,FALSE,6.99,6.99,145
7,2,2/12/2010,43,TRUE,5.99,5.99,144
7,2,2/4/2011,35,FALSE,5.99,5.99,144
7,2,6/10/2011,161,FALSE,5.99,5.99,144
7,2,2/17/2012,48,FALSE,6.99,6.99,144
7,2,9/17/2010,260,FALSE,5.99,5.99,143
7,2,11/18/2011,322,FALSE,5.99,5.99,143
7,2,11/4/2011,308,FALSE,5.99,5.99,142
7,2,12/2/2011,336,FALSE,5.99,5.99,142
7,2,2/5/2010,36,FALSE,5.99,5.99,141
7,2,3/5/2010,64,FALSE,5.99,5.99,141
7,2,6/17/2011,168,FALSE,5.99,5.99,141
7,2,9/23/2011,266,FALSE,5.99,5.99,141
7,2,6/22/2012,174,FALSE,6.99,6.99,141
7,2,10/7/2011,280,FALSE,5.99,5.99,138
7,2,3/9/2012,69,FALSE,6.99,6.99,138
7,2,12/3/2010,337,FALSE,5.99,5.99,137
7,2,9/16/2011,259,FALSE,5.99,5.99,137
7,2,1/13/2012,13,FALSE,6.99,6.99,137
7,2,1/20/2012,20,FALSE,6.99,6.99,137
7,2,3/30/2012,90,FALSE,6.99,6.99,137
7,2,3/12/2010,71,FALSE,5.99,5.99,135
7,2,2/3/2012,34,FALSE,6.99,6.99,135
7,2,11/12/2010,316,FALSE,5.99,5.99,134
7,2,2/10/2012,41,TRUE,6.99,6.99,134
7,2,10/8/2010,281,FALSE,5.99,5.99,133
7,2,9/30/2011,273,FALSE,5.99,5.99,133
7,2,10/14/2011,287,FALSE,5.99,5.99,133
7,2,11/11/2011,315,FALSE,5.99,5.99,133
7,2,8/31/2012,244,FALSE,6.99,6.99,133
7,2,9/7/2012,251,TRUE,6.99,6.99,133
7,2,10/21/2011,294,FALSE,5.99,5.99,131
7,2,9/24/2010,267,FALSE,5.99,5.99,130
7,2,10/15/2010,288,FALSE,5.99,5.99,130
7,2,11/19/2010,323,FALSE,5.99,5.99,128
7,2,6/3/2011,154,FALSE,5.99,5.99,128
7,2,3/2/2012,62,FALSE,6.99,6.99,128
7,2,6/25/2010,176,FALSE,5.99,5.99,127
7,2,10/28/2011,301,FALSE,5.99,5.99,127
7,2,1/27/2012,27,FALSE,6.99,6.99,127
7,2,6/8/2012,160,FALSE,6.99,6.99,127
7,2,2/24/2012,55,FALSE,6.99,6.99,126
7,2,6/15/2012,167,FALSE,6.99,6.99,126
7,2,11/5/2010,309,FALSE,5.99,5.99,123
7,2,10/22/2010,295,FALSE,5.99,5.99,122
7,2,10/1/2010,274,FALSE,5.99,5.99,121
7,2,9/14/2012,258,FALSE,6.99,6.99,121
7,2,6/11/2010,162,FALSE,5.99,5.99,120
7,2,9/21/2012,265,FALSE,6.99,6.99,119
7,2,5/27/2011,147,FALSE,5.99,5.99,117
7,2,6/18/2010,169,FALSE,5.99,5.99,116
7,2,6/1/2012,153,FALSE,6.99,6.99,116
7,2,6/4/2010,155,FALSE,5.99,5.99,115
7,2,10/29/2010,302,FALSE,5.99,5.99,115
7,2,5/20/2011,140,FALSE,5.99,5.99,115
7,2,9/28/2012,272,FALSE,6.99,6.99,115
7,2,10/5/2012,279,FALSE,6.99,6.99,115
7,2,10/12/2012,286,FALSE,6.99,6.99,115
7,2,5/7/2010,127,FALSE,5.99,5.99,113
7,2,5/6/2011,126,FALSE,5.99,5.99,111
7,2,5/13/2011,133,FALSE,5.99,5.99,109
7,2,10/19/2012,293,FALSE,6.99,6.99,109
7,2,10/26/2012,300,FALSE,6.99,6.99,109
7,2,5/28/2010,148,FALSE,5.99,5.99,105
7,2,5/14/2010,134,FALSE,5.99,5.99,101
7,2,5/25/2012,146,FALSE,6.99,6.99,101
7,2,5/21/2010,141,FALSE,5.99,5.99,100
7,2,5/4/2012,125,FALSE,6.99,6.99,99
7,2,5/11/2012,132,FALSE,6.99,6.99,97
7,2,5/18/2012,139,FALSE,6.99,6.99,95
7,3,7/6/2012,188,FALSE,19.99,10,327
7,3,7/20/2012,202,FALSE,19.99,10,321
7,3,7/27/2012,209,FALSE,19.99,10,321
7,3,7/30/2010,211,FALSE,19.99,10,279
7,3,7/13/2012,195,FALSE,19.99,10,259
7,3,7/23/2010,204,FALSE,19.99,10,220
7,3,11/26/2010,330,TRUE,19.99,10,205
7,3,7/29/2011,210,FALSE,21.99,11,205
7,3,7/2/2010,183,FALSE,19.99,10,204
7,3,11/25/2011,329,TRUE,21.99,11,203
7,3,7/8/2011,189,FALSE,21.99,11,201
7,3,7/16/2010,197,FALSE,19.99,10,200
7,3,7/15/2011,196,FALSE,21.99,11,199
7,3,7/22/2011,203,FALSE,21.99,11,195
7,3,7/9/2010,190,FALSE,19.99,10,191
7,3,11/19/2010,323,FALSE,19.99,10,188
7,3,11/4/2011,308,FALSE,21.99,11,186
7,3,7/1/2011,182,FALSE,21.99,11,183
7,3,11/12/2010,316,FALSE,19.99,10,180
7,3,11/5/2010,309,FALSE,19.99,10,175
7,3,11/18/2011,322,FALSE,21.99,11,161
7,3,8/17/2012,230,FALSE,19.99,19.99,161
7,3,8/24/2012,237,FALSE,19.99,19.99,155
7,3,11/11/2011,315,FALSE,21.99,11,154
7,3,8/20/2010,232,FALSE,19.99,19.99,149
7,3,8/27/2010,239,FALSE,19.99,19.99,129
7,3,8/10/2012,223,FALSE,19.99,19.99,126
7,3,8/26/2011,238,FALSE,21.99,21.99,124
7,3,8/19/2011,231,FALSE,21.99,21.99,119
7,3,8/13/2010,225,FALSE,19.99,19.99,108
7,3,8/31/2012,244,FALSE,19.99,19.99,91
7,3,8/3/2012,216,FALSE,19.99,19.99,90
7,3,8/12/2011,224,FALSE,21.99,21.99,89
7,3,8/6/2010,218,FALSE,19.99,19.99,87
7,3,12/24/2010,358,FALSE,19.99,19.99,84
7,3,12/23/2011,357,FALSE,21.99,21.99,84
7,3,1/6/2012,6,FALSE,19.99,19.99,76
7,3,9/3/2010,246,FALSE,19.99,19.99,73
7,3,1/20/2012,20,FALSE,19.99,19.99,73
7,3,8/5/2011,217,FALSE,21.99,21.99,71
7,3,9/7/2012,251,TRUE,19.99,19.99,71
7,3,12/17/2010,351,FALSE,19.99,19.99,69
7,3,1/13/2012,13,FALSE,19.99,19.99,68
7,3,12/16/2011,350,FALSE,21.99,21.99,66
7,3,9/2/2011,245,FALSE,21.99,21.99,65
7,3,3/16/2012,76,FALSE,19.99,19.99,63
7,3,1/27/2012,27,FALSE,19.99,19.99,62
7,3,6/29/2012,181,FALSE,19.99,19.99,62
7,3,12/10/2010,344,FALSE,19.99,19.99,61
7,3,1/7/2011,7,FALSE,21.99,21.99,59
7,3,12/30/2011,364,TRUE,21.99,21.99,59
7,3,2/3/2012,34,FALSE,19.99,19.99,59
7,3,2/24/2012,55,FALSE,19.99,19.99,59
7,3,3/23/2012,83,FALSE,19.99,19.99,59
7,3,2/17/2012,48,FALSE,19.99,19.99,58
7,3,3/9/2012,69,FALSE,19.99,19.99,58
7,3,12/31/2010,365,TRUE,19.99,19.99,57
7,3,6/15/2012,167,FALSE,19.99,19.99,57
7,3,12/3/2010,337,FALSE,19.99,19.99,56
7,3,12/9/2011,343,FALSE,21.99,21.99,56
7,3,2/10/2012,41,TRUE,19.99,19.99,56
7,3,9/16/2011,259,FALSE,21.99,21.99,54
7,3,9/14/2012,258,FALSE,19.99,19.99,54
7,3,9/21/2012,265,FALSE,19.99,19.99,54
7,3,9/10/2010,253,TRUE,19.99,19.99,53
7,3,4/6/2012,97,FALSE,19.99,19.99,53
7,3,6/1/2012,153,FALSE,19.99,19.99,52
7,3,2/12/2010,43,TRUE,19.99,19.99,51
7,3,12/2/2011,336,FALSE,21.99,21.99,51
7,3,3/2/2012,62,FALSE,19.99,19.99,51
7,3,6/22/2012,174,FALSE,19.99,19.99,51
7,3,3/19/2010,78,FALSE,19.99,19.99,50
7,3,1/14/2011,14,FALSE,21.99,21.99,50
7,3,3/30/2012,90,FALSE,19.99,19.99,50
7,3,9/17/2010,260,FALSE,19.99,19.99,49
7,3,9/9/2011,252,TRUE,21.99,21.99,49
7,3,10/5/2012,279,FALSE,19.99,19.99,49
7,3,10/12/2012,286,FALSE,19.99,19.99,49
7,3,6/8/2012,160,FALSE,19.99,19.99,48
7,3,2/5/2010,36,FALSE,19.99,19.99,47
7,3,4/2/2010,92,FALSE,19.99,19.99,47
7,3,9/24/2010,267,FALSE,19.99,19.99,47
7,3,2/18/2011,49,FALSE,21.99,21.99,47
7,3,5/25/2012,146,FALSE,19.99,19.99,47
7,3,9/28/2012,272,FALSE,19.99,19.99,47
7,3,10/1/2010,274,FALSE,19.99,19.99,46
7,3,3/18/2011,77,FALSE,21.99,21.99,46
7,3,10/26/2012,300,FALSE,19.99,19.99,46
7,3,1/21/2011,21,FALSE,21.99,21.99,45
7,3,4/20/2012,111,FALSE,19.99,19.99,45
7,3,3/12/2010,71,FALSE,19.99,19.99,44
7,3,4/9/2010,99,FALSE,19.99,19.99,44
7,3,10/15/2010,288,FALSE,19.99,19.99,44
7,3,3/25/2011,84,FALSE,21.99,21.99,44
7,3,2/19/2010,50,FALSE,19.99,19.99,43
7,3,2/4/2011,35,FALSE,21.99,21.99,43
7,3,4/1/2011,91,FALSE,21.99,21.99,43
7,3,9/23/2011,266,FALSE,21.99,21.99,43
7,3,10/21/2011,294,FALSE,21.99,21.99,43
7,3,4/27/2012,118,FALSE,19.99,19.99,43
7,3,3/5/2010,64,FALSE,19.99,19.99,42
7,3,3/26/2010,85,FALSE,19.99,19.99,42
7,3,10/8/2010,281,FALSE,19.99,19.99,42
7,3,1/28/2011,28,FALSE,21.99,21.99,42
7,3,10/7/2011,280,FALSE,21.99,21.99,42
7,3,10/22/2010,295,FALSE,19.99,19.99,41
7,3,3/4/2011,63,FALSE,21.99,21.99,41
7,3,3/11/2011,70,FALSE,21.99,21.99,41
7,3,6/24/2011,175,FALSE,21.99,21.99,41
7,3,9/30/2011,273,FALSE,21.99,21.99,41
7,3,4/13/2012,104,FALSE,19.99,19.99,41
7,3,4/8/2011,98,FALSE,21.99,21.99,40
7,3,2/26/2010,57,FALSE,19.99,19.99,39
7,3,6/18/2010,169,FALSE,19.99,19.99,39
7,3,6/25/2010,176,FALSE,19.99,19.99,39
7,3,2/11/2011,42,TRUE,21.99,21.99,39
7,3,2/25/2011,56,FALSE,21.99,21.99,39
7,3,10/14/2011,287,FALSE,21.99,21.99,39
7,3,10/28/2011,301,FALSE,21.99,21.99,39
7,3,5/4/2012,125,FALSE,19.99,19.99,39
7,3,5/18/2012,139,FALSE,19.99,19.99,39
7,3,10/19/2012,293,FALSE,19.99,19.99,39
7,3,10/29/2010,302,FALSE,19.99,19.99,38
7,3,6/10/2011,161,FALSE,21.99,21.99,38
7,3,4/23/2010,113,FALSE,19.99,19.99,37
7,3,5/21/2010,141,FALSE,19.99,19.99,37
7,3,6/17/2011,168,FALSE,21.99,21.99,37
7,3,5/11/2012,132,FALSE,19.99,19.99,37
7,3,4/16/2010,106,FALSE,19.99,19.99,35
7,3,5/7/2010,127,FALSE,19.99,19.99,35
7,3,4/22/2011,112,FALSE,21.99,21.99,35
7,3,4/15/2011,105,FALSE,21.99,21.99,34
7,3,6/3/2011,154,FALSE,21.99,21.99,34
7,3,4/30/2010,120,FALSE,19.99,19.99,33
7,3,5/14/2010,134,FALSE,19.99,19.99,33
7,3,6/11/2010,162,FALSE,19.99,19.99,33
7,3,5/6/2011,126,FALSE,21.99,21.99,33
7,3,6/4/2010,155,FALSE,19.99,19.99,32
7,3,5/27/2011,147,FALSE,21.99,21.99,32
7,3,5/28/2010,148,FALSE,19.99,19.99,31
7,3,4/29/2011,119,FALSE,21.99,21.99,31
7,3,5/13/2011,133,FALSE,21.99,21.99,31
7,3,5/20/2011,140,FALSE,21.99,21.99,28
3,3,7/20/2012,202,FALSE,19.99,10,265
3,3,7/27/2012,209,FALSE,19.99,10,249
3,3,7/30/2010,211,FALSE,19.99,10,244
3,3,7/13/2012,195,FALSE,19.99,10,237
3,3,7/29/2011,210,FALSE,21.99,11,215
3,3,7/23/2010,204,FALSE,19.99,10,189
3,3,7/22/2011,203,FALSE,21.99,11,177
3,3,7/16/2010,197,FALSE,19.99,10,155
3,3,7/15/2011,196,FALSE,21.99,11,129
3,3,7/9/2010,190,FALSE,19.99,10,124
3,3,7/6/2012,188,FALSE,19.99,10,123
3,3,8/31/2012,244,FALSE,19.99,19.99,121
3,3,11/26/2010,330,TRUE,19.99,10,117
3,3,11/5/2010,309,FALSE,19.99,10,112
3,3,11/4/2011,308,FALSE,21.99,11,111
3,3,8/24/2012,237,FALSE,19.99,19.99,108
3,3,11/11/2011,315,FALSE,21.99,11,105
3,3,8/27/2010,239,FALSE,19.99,19.99,101
3,3,8/19/2011,231,FALSE,21.99,21.99,101
3,3,11/25/2011,329,TRUE,21.99,11,100
3,3,8/26/2011,238,FALSE,21.99,21.99,97
3,3,11/12/2010,316,FALSE,19.99,10,94
3,3,11/19/2010,323,FALSE,19.99,10,93
3,3,11/18/2011,322,FALSE,21.99,11,93
3,3,8/10/2012,223,FALSE,19.99,19.99,91
3,3,8/20/2010,232,FALSE,19.99,19.99,87
3,3,8/3/2012,216,FALSE,19.99,19.99,87
3,3,8/17/2012,230,FALSE,19.99,19.99,87
3,3,7/8/2011,189,FALSE,21.99,11,85
3,3,8/12/2011,224,FALSE,21.99,21.99,81
3,3,8/6/2010,218,FALSE,19.99,19.99,78
3,3,8/5/2011,217,FALSE,21.99,21.99,78
3,3,7/2/2010,183,FALSE,19.99,10,71
3,3,7/1/2011,182,FALSE,21.99,11,71
3,3,8/13/2010,225,FALSE,19.99,19.99,62
3,3,9/7/2012,251,TRUE,19.99,19.99,45
3,3,9/2/2011,245,FALSE,21.99,21.99,43
3,3,9/14/2012,258,FALSE,19.99,19.99,40
3,3,9/3/2010,246,FALSE,19.99,19.99,39
3,3,6/22/2012,174,FALSE,19.99,19.99,39
3,3,1/6/2012,6,FALSE,19.99,19.99,38
3,3,1/20/2012,20,FALSE,19.99,19.99,38
3,3,1/13/2012,13,FALSE,19.99,19.99,37
3,3,2/3/2012,34,FALSE,19.99,19.99,37
3,3,2/10/2012,41,TRUE,19.99,19.99,37
3,3,2/17/2012,48,FALSE,19.99,19.99,37
3,3,5/11/2012,132,FALSE,19.99,19.99,37
3,3,5/18/2012,139,FALSE,19.99,19.99,37
3,3,10/5/2012,279,FALSE,19.99,19.99,37
3,3,5/25/2012,146,FALSE,19.99,19.99,36
3,3,1/27/2012,27,FALSE,19.99,19.99,35
3,3,2/24/2012,55,FALSE,19.99,19.99,35
3,3,5/4/2012,125,FALSE,19.99,19.99,35
3,3,6/15/2012,167,FALSE,19.99,19.99,35
3,3,9/21/2012,265,FALSE,19.99,19.99,35
3,3,12/24/2010,358,FALSE,19.99,19.99,34
3,3,6/8/2012,160,FALSE,19.99,19.99,34
3,3,2/12/2010,43,TRUE,19.99,19.99,33
3,3,12/17/2010,351,FALSE,19.99,19.99,33
3,3,12/23/2011,357,FALSE,21.99,21.99,33
3,3,3/2/2012,62,FALSE,19.99,19.99,33
3,3,3/9/2012,69,FALSE,19.99,19.99,33
3,3,4/20/2012,111,FALSE,19.99,19.99,33
3,3,4/27/2012,118,FALSE,19.99,19.99,33
3,3,10/12/2012,286,FALSE,19.99,19.99,33
3,3,10/19/2012,293,FALSE,19.99,19.99,33
3,3,2/26/2010,57,FALSE,19.99,19.99,32
3,3,1/7/2011,7,FALSE,21.99,21.99,32
3,3,9/28/2012,272,FALSE,19.99,19.99,32
3,3,2/5/2010,36,FALSE,19.99,19.99,31
3,3,12/3/2010,337,FALSE,19.99,19.99,31
3,3,1/28/2011,28,FALSE,21.99,21.99,31
3,3,12/16/2011,350,FALSE,21.99,21.99,31
3,3,3/23/2012,83,FALSE,19.99,19.99,31
3,3,6/1/2012,153,FALSE,19.99,19.99,31
3,3,10/26/2012,300,FALSE,19.99,19.99,31
3,3,2/19/2010,50,FALSE,19.99,19.99,30
3,3,3/5/2010,64,FALSE,19.99,19.99,29
3,3,3/26/2010,85,FALSE,19.99,19.99,29
3,3,10/15/2010,288,FALSE,19.99,19.99,29
3,3,12/10/2010,344,FALSE,19.99,19.99,29
3,3,1/21/2011,21,FALSE,21.99,21.99,29
3,3,6/10/2011,161,FALSE,21.99,21.99,29
3,3,9/9/2011,252,TRUE,21.99,21.99,29
3,3,12/9/2011,343,FALSE,21.99,21.99,29
3,3,4/13/2012,104,FALSE,19.99,19.99,29
3,3,10/8/2010,281,FALSE,19.99,19.99,28
3,3,3/30/2012,90,FALSE,19.99,19.99,28
3,3,3/12/2010,71,FALSE,19.99,19.99,27
3,3,4/23/2010,113,FALSE,19.99,19.99,27
3,3,9/24/2010,267,FALSE,19.99,19.99,27
3,3,10/22/2010,295,FALSE,19.99,19.99,27
3,3,9/23/2011,266,FALSE,21.99,21.99,27
3,3,12/2/2011,336,FALSE,21.99,21.99,27
3,3,4/6/2012,97,FALSE,19.99,19.99,27
3,3,1/14/2011,14,FALSE,21.99,21.99,26
3,3,9/16/2011,259,FALSE,21.99,21.99,26
3,3,10/7/2011,280,FALSE,21.99,21.99,26
3,3,5/7/2010,127,FALSE,19.99,19.99,25
3,3,5/14/2010,134,FALSE,19.99,19.99,25
3,3,3/25/2011,84,FALSE,21.99,21.99,25
3,3,5/20/2011,140,FALSE,21.99,21.99,25
3,3,9/30/2011,273,FALSE,21.99,21.99,25
3,3,10/28/2011,301,FALSE,21.99,21.99,25
3,3,3/16/2012,76,FALSE,19.99,19.99,25
3,3,5/28/2010,148,FALSE,19.99,19.99,24
3,3,2/4/2011,35,FALSE,21.99,21.99,24
3,3,2/11/2011,42,TRUE,21.99,21.99,24
3,3,10/21/2011,294,FALSE,21.99,21.99,24
3,3,4/9/2010,99,FALSE,19.99,19.99,23
3,3,4/16/2010,106,FALSE,19.99,19.99,23
3,3,5/21/2010,141,FALSE,19.99,19.99,23
3,3,6/4/2010,155,FALSE,19.99,19.99,23
3,3,9/10/2010,253,TRUE,19.99,19.99,23
3,3,2/18/2011,49,FALSE,21.99,21.99,23
3,3,3/4/2011,63,FALSE,21.99,21.99,23
3,3,3/11/2011,70,FALSE,21.99,21.99,23
3,3,4/8/2011,98,FALSE,21.99,21.99,23
3,3,5/6/2011,126,FALSE,21.99,21.99,23
3,3,6/3/2011,154,FALSE,21.99,21.99,23
3,3,10/14/2011,287,FALSE,21.99,21.99,23
3,3,12/30/2011,364,TRUE,21.99,21.99,23
3,3,6/29/2012,181,FALSE,19.99,19.99,23
3,3,4/2/2010,92,FALSE,19.99,19.99,22
3,3,9/17/2010,260,FALSE,19.99,19.99,21
3,3,10/1/2010,274,FALSE,19.99,19.99,21
3,3,10/29/2010,302,FALSE,19.99,19.99,21
3,3,2/25/2011,56,FALSE,21.99,21.99,21
3,3,4/15/2011,105,FALSE,21.99,21.99,21
3,3,5/13/2011,133,FALSE,21.99,21.99,21
3,3,6/17/2011,168,FALSE,21.99,21.99,21
3,3,4/30/2010,120,FALSE,19.99,19.99,19
3,3,6/18/2010,169,FALSE,19.99,19.99,19
3,3,12/31/2010,365,TRUE,19.99,19.99,19
3,3,4/1/2011,91,FALSE,21.99,21.99,19
3,3,4/29/2011,119,FALSE,21.99,21.99,19
3,3,6/24/2011,175,FALSE,21.99,21.99,19
3,3,6/25/2010,176,FALSE,19.99,19.99,18
3,3,4/22/2011,112,FALSE,21.99,21.99,18
3,3,6/11/2010,162,FALSE,19.99,19.99,17
3,3,5/27/2011,147,FALSE,21.99,21.99,17
3,3,3/19/2010,78,FALSE,19.99,19.99,16
3,3,3/18/2011,77,FALSE,21.99,21.99,15
