static/data/Resources/Sales_Product_Price_by_Store_JFC.csv
Store,Product,Date,Day_of_Year,Is_Holiday,Base Price,Price,Weekly_Units_Sold
3,2,7/8/2011,189,FALSE,5.99,4.01,221
3,2,7/15/2011,196,FALSE,5.99,4.01,210
3,2,7/1/2011,182,FALSE,5.99,4.01,209
3,2,7/6/2012,188,FALSE,6.99,4.68,209
3,2,7/22/2011,203,FALSE,5.99,4.01,206
3,2,4/6/2012,97,FALSE,6.99,4.68,199
3,2,7/2/2010,183,FALSE,5.99,4.01,198
3,2,4/8/2011,98,FALSE,5.99,4.01,195
3,2,4/2/2010,92,FALSE,5.99,4.01,193
3,2,7/13/2012,195,FALSE,6.99,4.68,193
3,2,4/27/2012,118,FALSE,6.99,4.68,191
3,2,7/29/2011,210,FALSE,5.99,4.01,189
3,2,4/20/2012,111,FALSE,6.99,4.68,189
3,2,7/27/2012,209,FALSE,6.99,4.68,189
3,2,4/29/2011,119,FALSE,5.99,4.01,185
3,2,7/9/2010,190,FALSE,5.99,4.01,183
3,2,7/20/2012,202,FALSE,6.99,4.68,183
3,2,4/9/2010,99,FALSE,5.99,4.01,181
3,2,4/16/2010,106,FALSE,5.99,4.01,181
3,2,4/13/2012,104,FALSE,6.99,4.68,181
3,2,7/16/2010,197,FALSE,5.99,4.01,178
3,2,4/15/2011,105,FALSE,5.99,4.01,176
3,2,4/22/2011,112,FALSE,5.99,4.01,176
3,2,4/23/2010,113,FALSE,5.99,4.01,173
3,2,7/23/2010,204,FALSE,5.99,4.01,173
3,2,7/30/2010,211,FALSE,5.99,4.01,173
3,2,4/30/2010,120,FALSE,5.99,4.01,171
3,2,4/1/2011,91,FALSE,5.99,4.01,171
3,2,12/23/2011,357,FALSE,5.99,5.99,140
3,2,12/16/2011,350,FALSE,5.99,5.99,128
3,2,3/4/2011,63,FALSE,5.99,5.99,126
3,2,6/3/2011,154,FALSE,5.99,5.99,126
3,2,11/5/2010,309,FALSE,5.99,5.99,122
3,2,9/2/2011,245,FALSE,5.99,5.99,122
3,2,10/7/2011,280,FALSE,5.99,5.99,122
3,2,3/2/2012,62,FALSE,6.99,6.99,122
3,2,9/9/2011,252,TRUE,5.99,5.99,121
3,2,8/5/2011,217,FALSE,5.99,5.99,119
3,2,2/4/2011,35,FALSE,5.99,5.99,118
3,2,2/5/2010,36,FALSE,5.99,5.99,117
3,2,12/9/2011,343,FALSE,5.99,5.99,116
3,2,8/3/2012,216,FALSE,6.99,6.99,116
3,2,10/21/2011,294,FALSE,5.99,5.99,115
3,2,11/4/2011,308,FALSE,5.99,5.99,115
3,2,6/4/2010,155,FALSE,5.99,5.99,114
3,2,5/6/2011,126,FALSE,5.99,5.99,114
3,2,6/10/2011,161,FALSE,5.99,5.99,114
3,2,8/26/2011,238,FALSE,5.99,5.99,114
3,2,12/2/2011,336,FALSE,5.99,5.99,114
3,2,2/10/2012,41,TRUE,6.99,6.99,114
3,2,12/24/2010,358,FALSE,5.99,5.99,113
3,2,2/18/2011,49,FALSE,5.99,5.99,113
3,2,3/11/2011,70,FALSE,5.99,5.99,113
3,2,9/16/2011,259,FALSE,5.99,5.99,113
3,2,9/23/2011,266,FALSE,5.99,5.99,113
3,2,12/30/2011,364,TRUE,5.99,5.99,113
3,2,5/4/2012,125,FALSE,6.99,6.99,113
3,2,6/1/2012,153,FALSE,6.99,6.99,113
3,2,6/8/2012,160,FALSE,6.99,6.99,113
3,2,10/5/2012,279,FALSE,6.99,6.99,113
3,2,2/3/2012,34,FALSE,6.99,6.99,112
3,2,3/18/2011,77,FALSE,5.99,5.99,111
3,2,6/17/2011,168,FALSE,5.99,5.99,111
3,2,8/19/2011,231,FALSE,5.99,5.99,111
3,2,10/14/2011,287,FALSE,5.99,5.99,111
3,2,11/18/2011,322,FALSE,5.99,5.99,111
3,2,8/31/2012,244,FALSE,6.99,6.99,111
3,2,3/5/2010,64,FALSE,5.99,5.99,110
3,2,2/11/2011,42,TRUE,5.99,5.99,110
3,2,5/7/2010,127,FALSE,5.99,5.99,109
3,2,5/27/2011,147,FALSE,5.99,5.99,109
3,2,6/24/2011,175,FALSE,5.99,5.99,109
3,2,9/30/2011,273,FALSE,5.99,5.99,109
3,2,6/15/2012,167,FALSE,6.99,6.99,109
3,2,10/19/2012,293,FALSE,6.99,6.99,109
3,2,8/6/2010,218,FALSE,5.99,5.99,108
3,2,2/25/2011,56,FALSE,5.99,5.99,108
3,2,5/20/2011,140,FALSE,5.99,5.99,108
3,2,6/29/2012,181,FALSE,6.99,6.99,108
3,2,9/7/2012,251,TRUE,6.99,6.99,108
3,2,9/3/2010,246,FALSE,5.99,5.99,107
3,2,10/8/2010,281,FALSE,5.99,5.99,107
3,2,12/3/2010,337,FALSE,5.99,5.99,107
3,2,11/11/2011,315,FALSE,5.99,5.99,107
3,2,2/17/2012,48,FALSE,6.99,6.99,107
3,2,6/22/2012,174,FALSE,6.99,6.99,107
3,2,8/10/2012,223,FALSE,6.99,6.99,107
3,2,3/9/2012,69,FALSE,6.99,6.99,106
3,2,5/18/2012,139,FALSE,6.99,6.99,106
3,2,2/19/2010,50,FALSE,5.99,5.99,105
3,2,1/21/2011,21,FALSE,5.99,5.99,105
3,2,8/12/2011,224,FALSE,5.99,5.99,105
3,2,8/17/2012,230,FALSE,6.99,6.99,105
3,2,5/14/2010,134,FALSE,5.99,5.99,104
3,2,8/27/2010,239,FALSE,5.99,5.99,104
3,2,10/26/2012,300,FALSE,6.99,6.99,104
3,2,6/11/2010,162,FALSE,5.99,5.99,103
3,2,11/19/2010,323,FALSE,5.99,5.99,103
3,2,1/7/2011,7,FALSE,5.99,5.99,103
3,2,3/25/2011,84,FALSE,5.99,5.99,102
3,2,3/30/2012,90,FALSE,6.99,6.99,102
3,2,9/14/2012,258,FALSE,6.99,6.99,102
3,2,2/12/2010,43,TRUE,5.99,5.99,101
3,2,2/26/2010,57,FALSE,5.99,5.99,101
3,2,5/21/2010,141,FALSE,5.99,5.99,101
3,2,10/28/2011,301,FALSE,5.99,5.99,101
3,2,2/24/2012,55,FALSE,6.99,6.99,101
3,2,9/21/2012,265,FALSE,6.99,6.99,101
3,2,3/12/2010,71,FALSE,5.99,5.99,100
3,2,6/18/2010,169,FALSE,5.99,5.99,100
3,2,12/17/2010,351,FALSE,5.99,5.99,100
3,2,5/13/2011,133,FALSE,5.99,5.99,100
3,2,3/16/2012,76,FALSE,6.99,6.99,100
3,2,5/11/2012,132,FALSE,6.99,6.99,100
3,2,8/24/2012,237,FALSE,6.99,6.99,100
3,2,9/10/2010,253,TRUE,5.99,5.99,99
3,2,5/25/2012,146,FALSE,6.99,6.99,99
3,2,9/28/2012,272,FALSE,6.99,6.99,99
3,2,10/12/2012,286,FALSE,6.99,6.99,99
3,2,5/28/2010,148,FALSE,5.99,5.99,98
3,2,10/22/2010,295,FALSE,5.99,5.99,98
3,2,3/19/2010,78,FALSE,5.99,5.99,97
3,2,12/10/2010,344,FALSE,5.99,5.99,97
3,2,11/25/2011,329,TRUE,5.99,5.99,97
3,2,8/20/2010,232,FALSE,5.99,5.99,95
3,2,9/17/2010,260,FALSE,5.99,5.99,95
3,2,9/24/2010,267,FALSE,5.99,5.99,95
3,2,10/1/2010,274,FALSE,5.99,5.99,95
3,2,3/23/2012,83,FALSE,6.99,6.99,95
3,2,11/26/2010,330,TRUE,5.99,5.99,94
3,2,3/26/2010,85,FALSE,5.99,5.99,93
3,2,6/25/2010,176,FALSE,5.99,5.99,93
3,2,8/13/2010,225,FALSE,5.99,5.99,93
3,2,11/12/2010,316,FALSE,5.99,5.99,93
3,2,1/28/2011,28,FALSE,5.99,5.99,93
3,2,1/6/2012,6,FALSE,6.99,6.99,93
3,2,1/14/2011,14,FALSE,5.99,5.99,92
3,2,1/20/2012,20,FALSE,6.99,6.99,92
3,2,10/15/2010,288,FALSE,5.99,5.99,91
3,2,12/31/2010,365,TRUE,5.99,5.99,91
3,2,10/29/2010,302,FALSE,5.99,5.99,89
3,2,1/27/2012,27,FALSE,6.99,6.99,89
3,2,1/13/2012,13,FALSE,6.99,6.99,88
5,1,2/12/2010,43,TRUE,9.99,7.99,166
5,1,2/17/2012,48,FALSE,10.99,8.79,144
5,1,2/18/2011,49,FALSE,10.99,8.79,143
5,1,4/2/2010,92,FALSE,9.99,9.99,141
5,1,4/6/2012,97,FALSE,10.99,10.99,121
5,1,2/11/2011,42,TRUE,10.99,8.79,114
5,1,2/19/2010,50,FALSE,9.99,7.99,112
5,1,2/10/2012,41,TRUE,10.99,8.79,107
5,1,4/22/2011,112,FALSE,10.99,10.99,105
5,1,4/9/2010,99,FALSE,9.99,9.99,102
5,1,12/23/2011,357,FALSE,10.99,10.99,102
5,1,12/24/2010,358,FALSE,9.99,9.99,99
5,1,2/5/2010,36,FALSE,9.99,7.99,91
5,1,12/17/2010,351,FALSE,9.99,9.99,91
5,1,11/4/2011,308,FALSE,10.99,10.99,89
5,1,12/16/2011,350,FALSE,10.99,10.99,89
5,1,2/3/2012,34,FALSE,10.99,8.79,87
5,1,2/4/2011,35,FALSE,10.99,8.79,83
5,1,2/25/2011,56,FALSE,10.99,8.79,83
5,1,10/29/2010,302,FALSE,9.99,9.99,81
5,1,12/10/2010,344,FALSE,9.99,9.99,81
5,1,5/4/2012,125,FALSE,10.99,8.79,79
5,1,5/18/2012,139,FALSE,10.99,8.79,78
5,1,5/25/2012,146,FALSE,10.99,8.79,78
5,1,5/28/2010,148,FALSE,9.99,7.99,77
5,1,2/24/2012,55,FALSE,10.99,8.79,77
5,1,4/13/2012,104,FALSE,10.99,10.99,77
5,1,5/14/2010,134,FALSE,9.99,7.99,75
5,1,5/21/2010,141,FALSE,9.99,7.99,75
5,1,5/6/2011,126,FALSE,10.99,8.79,75
5,1,5/7/2010,127,FALSE,9.99,7.99,74
5,1,11/5/2010,309,FALSE,9.99,9.99,74
5,1,4/29/2011,119,FALSE,10.99,10.99,74
5,1,10/26/2012,300,FALSE,10.99,10.99,74
5,1,12/3/2010,337,FALSE,9.99,9.99,73
5,1,10/28/2011,301,FALSE,10.99,10.99,72
5,1,5/11/2012,132,FALSE,10.99,8.79,72
5,1,2/26/2010,57,FALSE,9.99,7.99,71
5,1,4/15/2011,105,FALSE,10.99,10.99,71
5,1,3/30/2012,90,FALSE,10.99,10.99,71
5,1,12/9/2011,343,FALSE,10.99,10.99,70
5,1,5/20/2011,140,FALSE,10.99,8.79,69
5,1,3/23/2012,83,FALSE,10.99,10.99,69
5,1,12/2/2011,336,FALSE,10.99,10.99,68
5,1,10/22/2010,295,FALSE,9.99,9.99,67
5,1,5/13/2011,133,FALSE,10.99,8.79,67
5,1,5/27/2011,147,FALSE,10.99,8.79,67
5,1,10/12/2012,286,FALSE,10.99,10.99,67
5,1,3/26/2010,85,FALSE,9.99,9.99,66
5,1,10/5/2012,279,FALSE,10.99,10.99,65
5,1,10/15/2010,288,FALSE,9.99,9.99,64
5,1,10/19/2012,293,FALSE,10.99,10.99,64
5,1,11/26/2010,330,TRUE,9.99,9.99,63
5,1,9/21/2012,265,FALSE,10.99,10.99,63
5,1,10/8/2010,281,FALSE,9.99,9.99,62
5,1,10/21/2011,294,FALSE,10.99,10.99,62
5,1,3/16/2012,76,FALSE,10.99,10.99,61
5,1,9/10/2010,253,TRUE,9.99,9.99,59
5,1,10/14/2011,287,FALSE,10.99,10.99,59
5,1,12/30/2011,364,TRUE,10.99,10.99,59
5,1,9/28/2012,272,FALSE,10.99,10.99,59
5,1,3/19/2010,78,FALSE,9.99,9.99,58
5,1,11/12/2010,316,FALSE,9.99,9.99,58
5,1,10/7/2011,280,FALSE,10.99,10.99,58
5,1,9/14/2012,258,FALSE,10.99,10.99,58
5,1,10/1/2010,274,FALSE,9.99,9.99,57
5,1,11/25/2011,329,TRUE,10.99,10.99,57
5,1,3/2/2012,62,FALSE,10.99,10.99,57
5,1,11/19/2010,323,FALSE,9.99,9.99,56
5,1,3/9/2012,69,FALSE,10.99,10.99,56
5,1,8/31/2012,244,FALSE,10.99,10.99,56
5,1,3/5/2010,64,FALSE,9.99,9.99,55
5,1,9/3/2010,246,FALSE,9.99,9.99,55
5,1,9/24/2010,267,FALSE,9.99,9.99,55
5,1,9/23/2011,266,FALSE,10.99,10.99,55
5,1,1/27/2012,27,FALSE,10.99,10.99,55
5,1,4/27/2012,118,FALSE,10.99,10.99,55
5,1,6/1/2012,153,FALSE,10.99,10.99,55
5,1,7/20/2012,202,FALSE,10.99,10.99,55
5,1,9/7/2012,251,TRUE,10.99,10.99,55
5,1,9/17/2010,260,FALSE,9.99,9.99,54
5,1,4/8/2011,98,FALSE,10.99,10.99,54
5,1,7/13/2012,195,FALSE,10.99,10.99,54
5,1,7/27/2012,209,FALSE,10.99,10.99,54
5,1,8/3/2012,216,FALSE,10.99,10.99,54
5,1,7/2/2010,183,FALSE,9.99,9.99,53
5,1,4/1/2011,91,FALSE,10.99,10.99,53
5,1,9/30/2011,273,FALSE,10.99,10.99,53
5,1,1/13/2012,13,FALSE,10.99,10.99,53
5,1,6/22/2012,174,FALSE,10.99,10.99,53
5,1,6/29/2012,181,FALSE,10.99,10.99,53
5,1,7/6/2012,188,FALSE,10.99,10.99,53
5,1,8/17/2012,230,FALSE,10.99,10.99,53
5,1,8/24/2012,237,FALSE,10.99,10.99,53
5,1,6/4/2010,155,FALSE,9.99,9.99,52
5,1,7/16/2010,197,FALSE,9.99,9.99,52
5,1,6/15/2012,167,FALSE,10.99,10.99,52
5,1,4/30/2010,120,FALSE,9.99,9.99,51
5,1,6/11/2010,162,FALSE,9.99,9.99,51
5,1,8/20/2010,232,FALSE,9.99,9.99,51
5,1,3/4/2011,63,FALSE,10.99,10.99,51
5,1,3/25/2011,84,FALSE,10.99,10.99,51
5,1,4/20/2012,111,FALSE,10.99,10.99,51
5,1,6/8/2012,160,FALSE,10.99,10.99,51
5,1,3/12/2010,71,FALSE,9.99,9.99,50
5,1,8/27/2010,239,FALSE,9.99,9.99,50
5,1,3/11/2011,70,FALSE,10.99,10.99,50
5,1,3/18/2011,77,FALSE,10.99,10.99,50
5,1,9/2/2011,245,FALSE,10.99,10.99,50
5,1,9/9/2011,252,TRUE,10.99,10.99,50
5,1,11/11/2011,315,FALSE,10.99,10.99,50
5,1,11/18/2011,322,FALSE,10.99,10.99,50
5,1,1/20/2012,20,FALSE,10.99,10.99,50
5,1,8/10/2012,223,FALSE,10.99,10.99,50
5,1,6/18/2010,169,FALSE,9.99,9.99,49
5,1,6/25/2010,176,FALSE,9.99,9.99,49
5,1,6/24/2011,175,FALSE,10.99,10.99,49
5,1,9/16/2011,259,FALSE,10.99,10.99,49
5,1,4/23/2010,113,FALSE,9.99,9.99,48
5,1,7/22/2011,203,FALSE,10.99,10.99,48
5,1,7/9/2010,190,FALSE,9.99,9.99,47
5,1,7/23/2010,204,FALSE,9.99,9.99,47
5,1,8/6/2010,218,FALSE,9.99,9.99,47
5,1,1/14/2011,14,FALSE,10.99,10.99,47
5,1,1/21/2011,21,FALSE,10.99,10.99,47
5,1,1/28/2011,28,FALSE,10.99,10.99,47
5,1,6/3/2011,154,FALSE,10.99,10.99,47
5,1,6/10/2011,161,FALSE,10.99,10.99,47
5,1,6/17/2011,168,FALSE,10.99,10.99,47
5,1,7/1/2011,182,FALSE,10.99,10.99,47
5,1,7/29/2011,210,FALSE,10.99,10.99,47
5,1,1/6/2012,6,FALSE,10.99,10.99,47
5,1,7/30/2010,211,FALSE,9.99,9.99,46
5,1,7/15/2011,196,FALSE,10.99,10.99,46
5,1,8/5/2011,217,FALSE,10.99,10.99,46
5,1,4/16/2010,106,FALSE,9.99,9.99,45
5,1,8/13/2010,225,FALSE,9.99,9.99,45
5,1,12/31/2010,365,TRUE,9.99,9.99,45
5,1,7/8/2011,189,FALSE,10.99,10.99,44
5,1,1/7/2011,7,FALSE,10.99,10.99,43
5,1,8/19/2011,231,FALSE,10.99,10.99,43
5,1,8/26/2011,238,FALSE,10.99,10.99,43
5,1,8/12/2011,224,FALSE,10.99,10.99,41
5,2,4/16/2010,106,FALSE,5.99,4.01,159
5,2,7/22/2011,203,FALSE,5.99,4.01,157
5,2,7/23/2010,204,FALSE,5.99,4.01,156
5,2,4/8/2011,98,FALSE,5.99,4.01,156
5,2,7/8/2011,189,FALSE,5.99,4.01,155
5,2,4/22/2011,112,FALSE,5.99,4.01,153
5,2,7/1/2011,182,FALSE,5.99,4.01,152
5,2,4/23/2010,113,FALSE,5.99,4.01,149
5,2,4/30/2010,120,FALSE,5.99,4.01,149
5,2,7/29/2011,210,FALSE,5.99,4.01,149
5,2,4/1/2011,91,FALSE,5.99,4.01,148
5,2,7/9/2010,190,FALSE,5.99,4.01,147
5,2,7/30/2010,211,FALSE,5.99,4.01,147
5,2,7/15/2011,196,FALSE,5.99,4.01,147
5,2,7/16/2010,197,FALSE,5.99,4.01,146
5,2,4/29/2011,119,FALSE,5.99,4.01,145
5,2,4/9/2010,99,FALSE,5.99,4.01,143
5,2,4/15/2011,105,FALSE,5.99,4.01,142
5,2,7/2/2010,183,FALSE,5.99,4.01,141
5,2,4/2/2010,92,FALSE,5.99,4.01,138
5,2,4/6/2012,97,FALSE,6.99,4.68,135
5,2,7/6/2012,188,FALSE,6.99,4.68,135
5,2,4/27/2012,118,FALSE,6.99,4.68,126
5,2,4/20/2012,111,FALSE,6.99,4.68,125
5,2,7/20/2012,202,FALSE,6.99,4.68,125
5,2,7/13/2012,195,FALSE,6.99,4.68,124
5,2,4/13/2012,104,FALSE,6.99,4.68,118
5,2,7/27/2012,209,FALSE,6.99,4.68,116
5,2,12/23/2011,357,FALSE,5.99,5.99,109
5,2,12/24/2010,358,FALSE,5.99,5.99,99
5,2,5/21/2010,141,FALSE,5.99,5.99,94
5,2,12/2/2011,336,FALSE,5.99,5.99,93
5,2,6/3/2011,154,FALSE,5.99,5.99,92
5,2,9/9/2011,252,TRUE,5.99,5.99,92
5,2,6/4/2010,155,FALSE,5.99,5.99,91
5,2,3/4/2011,63,FALSE,5.99,5.99,90
5,2,12/16/2011,350,FALSE,5.99,5.99,90
5,2,8/26/2011,238,FALSE,5.99,5.99,89
5,2,9/3/2010,246,FALSE,5.99,5.99,87
5,2,2/18/2011,49,FALSE,5.99,5.99,87
5,2,5/6/2011,126,FALSE,5.99,5.99,87
5,2,5/20/2011,140,FALSE,5.99,5.99,87
5,2,5/27/2011,147,FALSE,5.99,5.99,87
5,2,9/2/2011,245,FALSE,5.99,5.99,87
5,2,5/7/2010,127,FALSE,5.99,5.99,86
5,2,12/17/2010,351,FALSE,5.99,5.99,85
5,2,6/10/2011,161,FALSE,5.99,5.99,85
5,2,8/5/2011,217,FALSE,5.99,5.99,85
5,2,10/7/2011,280,FALSE,5.99,5.99,85
5,2,11/25/2011,329,TRUE,5.99,5.99,84
5,2,5/28/2010,148,FALSE,5.99,5.99,83
5,2,8/6/2010,218,FALSE,5.99,5.99,83
5,2,8/20/2010,232,FALSE,5.99,5.99,83
5,2,12/10/2010,344,FALSE,5.99,5.99,83
5,2,2/25/2011,56,FALSE,5.99,5.99,83
5,2,11/4/2011,308,FALSE,5.99,5.99,83
5,2,12/30/2011,364,TRUE,5.99,5.99,83
5,2,6/11/2010,162,FALSE,5.99,5.99,82
5,2,8/27/2010,239,FALSE,5.99,5.99,82
5,2,9/23/2011,266,FALSE,5.99,5.99,82
5,2,9/30/2011,273,FALSE,5.99,5.99,82
5,2,10/21/2011,294,FALSE,5.99,5.99,82
5,2,11/11/2011,315,FALSE,5.99,5.99,82
5,2,6/18/2010,169,FALSE,5.99,5.99,81
5,2,8/13/2010,225,FALSE,5.99,5.99,81
5,2,9/17/2010,260,FALSE,5.99,5.99,81
5,2,9/24/2010,267,FALSE,5.99,5.99,81
5,2,11/5/2010,309,FALSE,5.99,5.99,81
5,2,6/17/2011,168,FALSE,5.99,5.99,81
5,2,12/9/2011,343,FALSE,5.99,5.99,81
5,2,2/5/2010,36,FALSE,5.99,5.99,80
5,2,9/16/2011,259,FALSE,5.99,5.99,80
5,2,2/12/2010,43,TRUE,5.99,5.99,79
5,2,10/1/2010,274,FALSE,5.99,5.99,79
5,2,10/22/2010,295,FALSE,5.99,5.99,79
5,2,5/13/2011,133,FALSE,5.99,5.99,79
5,2,2/19/2010,50,FALSE,5.99,5.99,78
5,2,6/25/2010,176,FALSE,5.99,5.99,78
5,2,10/29/2010,302,FALSE,5.99,5.99,78
5,2,3/25/2011,84,FALSE,5.99,5.99,78
5,2,6/24/2011,175,FALSE,5.99,5.99,78
5,2,10/14/2011,287,FALSE,5.99,5.99,78
5,2,2/26/2010,57,FALSE,5.99,5.99,77
5,2,9/10/2010,253,TRUE,5.99,5.99,77
5,2,2/4/2011,35,FALSE,5.99,5.99,77
5,2,2/11/2011,42,TRUE,5.99,5.99,77
5,2,3/11/2011,70,FALSE,5.99,5.99,77
5,2,3/18/2011,77,FALSE,5.99,5.99,77
5,2,8/12/2011,224,FALSE,5.99,5.99,77
5,2,8/19/2011,231,FALSE,5.99,5.99,77
5,2,10/28/2011,301,FALSE,5.99,5.99,77
5,2,11/18/2011,322,FALSE,5.99,5.99,77
5,2,2/24/2012,55,FALSE,6.99,6.99,77
5,2,11/12/2010,316,FALSE,5.99,5.99,76
5,2,3/2/2012,62,FALSE,6.99,6.99,76
5,2,3/5/2010,64,FALSE,5.99,5.99,75
5,2,3/12/2010,71,FALSE,5.99,5.99,75
5,2,5/14/2010,134,FALSE,5.99,5.99,75
5,2,3/16/2012,76,FALSE,6.99,6.99,75
5,2,5/4/2012,125,FALSE,6.99,6.99,75
5,2,6/8/2012,160,FALSE,6.99,6.99,75
5,2,8/31/2012,244,FALSE,6.99,6.99,75
5,2,9/7/2012,251,TRUE,6.99,6.99,75
5,2,11/26/2010,330,TRUE,5.99,5.99,74
5,2,10/5/2012,279,FALSE,6.99,6.99,74
5,2,3/26/2010,85,FALSE,5.99,5.99,73
5,2,10/8/2010,281,FALSE,5.99,5.99,73
5,2,10/15/2010,288,FALSE,5.99,5.99,73
5,2,12/3/2010,337,FALSE,5.99,5.99,73
5,2,1/7/2011,7,FALSE,5.99,5.99,73
5,2,2/10/2012,41,TRUE,6.99,6.99,73
5,2,5/25/2012,146,FALSE,6.99,6.99,73
5,2,6/29/2012,181,FALSE,6.99,6.99,73
5,2,2/3/2012,34,FALSE,6.99,6.99,72
5,2,6/1/2012,153,FALSE,6.99,6.99,72
5,2,3/19/2010,78,FALSE,5.99,5.99,71
5,2,1/21/2011,21,FALSE,5.99,5.99,71
5,2,1/28/2011,28,FALSE,5.99,5.99,71
5,2,8/17/2012,230,FALSE,6.99,6.99,71
5,2,2/17/2012,48,FALSE,6.99,6.99,70
5,2,8/3/2012,216,FALSE,6.99,6.99,70
5,2,11/19/2010,323,FALSE,5.99,5.99,69
5,2,1/6/2012,6,FALSE,6.99,6.99,69
5,2,3/9/2012,69,FALSE,6.99,6.99,69
5,2,6/22/2012,174,FALSE,6.99,6.99,69
5,2,8/10/2012,223,FALSE,6.99,6.99,69
5,2,8/24/2012,237,FALSE,6.99,6.99,69
5,2,1/14/2011,14,FALSE,5.99,5.99,68
5,2,6/15/2012,167,FALSE,6.99,6.99,68
5,2,9/21/2012,265,FALSE,6.99,6.99,68
5,2,12/31/2010,365,TRUE,5.99,5.99,67
5,2,3/23/2012,83,FALSE,6.99,6.99,67
5,2,5/11/2012,132,FALSE,6.99,6.99,67
5,2,5/18/2012,139,FALSE,6.99,6.99,67
5,2,1/13/2012,13,FALSE,6.99,6.99,66
5,2,9/28/2012,272,FALSE,6.99,6.99,66
5,2,1/20/2012,20,FALSE,6.99,6.99,65
5,2,10/12/2012,286,FALSE,6.99,6.99,65
5,2,10/19/2012,293,FALSE,6.99,6.99,65
5,2,3/30/2012,90,FALSE,6.99,6.99,64
5,2,1/27/2012,27,FALSE,6.99,6.99,63
5,2,10/26/2012,300,FALSE,6.99,6.99,63
5,2,9/14/2012,258,FALSE,6.99,6.99,61
